Archive member included to satisfy reference by file (symbol)

.\CortexM3\ARM_GCC_541\Debug\Laboratorio2.a(PWM.o)
                              .\CortexM3\ARM_GCC_541\Debug\main.o (PWM_WriteCompare)
.\CortexM3\ARM_GCC_541\Debug\Laboratorio2.a(UART.o)
                              .\CortexM3\ARM_GCC_541\Debug\main.o (UART_Start)
.\CortexM3\ARM_GCC_541\Debug\Laboratorio2.a(UART_IntClock.o)
                              .\CortexM3\ARM_GCC_541\Debug\Laboratorio2.a(UART.o) (UART_IntClock_Start)
.\CortexM3\ARM_GCC_541\Debug\Laboratorio2.a(CyLib.o)
                              .\CortexM3\ARM_GCC_541\Debug\Cm3Start.o (CyHalt)
.\CortexM3\ARM_GCC_541\Debug\Laboratorio2.a(cyPm.o)
                              .\CortexM3\ARM_GCC_541\Debug\Laboratorio2.a(CyLib.o) (CyPmReadStatus)
.\CortexM3\ARM_GCC_541\Debug\Laboratorio2.a(IN3.o)
                              .\CortexM3\ARM_GCC_541\Debug\main.o (IN3_Write)
.\CortexM3\ARM_GCC_541\Debug\Laboratorio2.a(IN4.o)
                              .\CortexM3\ARM_GCC_541\Debug\main.o (IN4_Write)
.\CortexM3\ARM_GCC_541\Debug\Laboratorio2.a(Button.o)
                              .\CortexM3\ARM_GCC_541\Debug\main.o (Button_Read)
.\CortexM3\ARM_GCC_541\Debug\Laboratorio2.a(Encoder.o)
                              .\CortexM3\ARM_GCC_541\Debug\main.o (Encoder_SetCounter)
.\CortexM3\ARM_GCC_541\Debug\Laboratorio2.a(Encoder_Cnt8.o)
                              .\CortexM3\ARM_GCC_541\Debug\Laboratorio2.a(Encoder.o) (Encoder_Cnt8_Stop)
.\CortexM3\ARM_GCC_541\Debug\Laboratorio2.a(CyBootAsmGnu.o)
                              .\CortexM3\ARM_GCC_541\Debug\cyfitter_cfg.o (CyDelayCycles)
.\CortexM3\ARM_GCC_541\Debug\Laboratorio2.a(CyFlash.o)
                              .\CortexM3\ARM_GCC_541\Debug\Laboratorio2.a(cyPm.o) (CyFlash_SetWaitCycles)
.\CortexM3\ARM_GCC_541\Debug\Laboratorio2.a(CySpc.o)
                              .\CortexM3\ARM_GCC_541\Debug\Laboratorio2.a(CyFlash.o) (CySpcStart)
c:/program files (x86)/cypress/psoc creator/4.4/psoc creator/import/gnu/arm/5.4.1/bin/../lib/gcc/arm-none-eabi/5.4.1/../../../../arm-none-eabi/lib/armv7-m\libg_nano.a(lib_a-atoi.o)
                              .\CortexM3\ARM_GCC_541\Debug\main.o (atoi)
c:/program files (x86)/cypress/psoc creator/4.4/psoc creator/import/gnu/arm/5.4.1/bin/../lib/gcc/arm-none-eabi/5.4.1/../../../../arm-none-eabi/lib/armv7-m\libg_nano.a(lib_a-errno.o)
                              .\CortexM3\ARM_GCC_541\Debug\Cm3Start.o (__errno)
c:/program files (x86)/cypress/psoc creator/4.4/psoc creator/import/gnu/arm/5.4.1/bin/../lib/gcc/arm-none-eabi/5.4.1/../../../../arm-none-eabi/lib/armv7-m\libg_nano.a(lib_a-exit.o)
                              c:/program files (x86)/cypress/psoc creator/4.4/psoc creator/import/gnu/arm/5.4.1/bin/../lib/gcc/arm-none-eabi/5.4.1/../../../../arm-none-eabi/lib/armv7-m/crt0.o (exit)
c:/program files (x86)/cypress/psoc creator/4.4/psoc creator/import/gnu/arm/5.4.1/bin/../lib/gcc/arm-none-eabi/5.4.1/../../../../arm-none-eabi/lib/armv7-m\libg_nano.a(lib_a-impure.o)
                              c:/program files (x86)/cypress/psoc creator/4.4/psoc creator/import/gnu/arm/5.4.1/bin/../lib/gcc/arm-none-eabi/5.4.1/../../../../arm-none-eabi/lib/armv7-m\libg_nano.a(lib_a-exit.o) (_global_impure_ptr)
c:/program files (x86)/cypress/psoc creator/4.4/psoc creator/import/gnu/arm/5.4.1/bin/../lib/gcc/arm-none-eabi/5.4.1/../../../../arm-none-eabi/lib/armv7-m\libg_nano.a(lib_a-init.o)
                              c:/program files (x86)/cypress/psoc creator/4.4/psoc creator/import/gnu/arm/5.4.1/bin/../lib/gcc/arm-none-eabi/5.4.1/../../../../arm-none-eabi/lib/armv7-m/crt0.o (__libc_init_array)
c:/program files (x86)/cypress/psoc creator/4.4/psoc creator/import/gnu/arm/5.4.1/bin/../lib/gcc/arm-none-eabi/5.4.1/../../../../arm-none-eabi/lib/armv7-m\libg_nano.a(lib_a-memcpy-stub.o)
                              .\CortexM3\ARM_GCC_541\Debug\cyfitter_cfg.o (memcpy)
c:/program files (x86)/cypress/psoc creator/4.4/psoc creator/import/gnu/arm/5.4.1/bin/../lib/gcc/arm-none-eabi/5.4.1/../../../../arm-none-eabi/lib/armv7-m\libg_nano.a(lib_a-memset.o)
                              c:/program files (x86)/cypress/psoc creator/4.4/psoc creator/import/gnu/arm/5.4.1/bin/../lib/gcc/arm-none-eabi/5.4.1/../../../../arm-none-eabi/lib/armv7-m/crt0.o (memset)
c:/program files (x86)/cypress/psoc creator/4.4/psoc creator/import/gnu/arm/5.4.1/bin/../lib/gcc/arm-none-eabi/5.4.1/../../../../arm-none-eabi/lib/armv7-m\libg_nano.a(lib_a-strtol.o)
                              c:/program files (x86)/cypress/psoc creator/4.4/psoc creator/import/gnu/arm/5.4.1/bin/../lib/gcc/arm-none-eabi/5.4.1/../../../../arm-none-eabi/lib/armv7-m\libg_nano.a(lib_a-atoi.o) (_strtol_r)
c:/program files (x86)/cypress/psoc creator/4.4/psoc creator/import/gnu/arm/5.4.1/bin/../lib/gcc/arm-none-eabi/5.4.1/../../../../arm-none-eabi/lib/armv7-m\libg_nano.a(lib_a-ctype_.o)
                              c:/program files (x86)/cypress/psoc creator/4.4/psoc creator/import/gnu/arm/5.4.1/bin/../lib/gcc/arm-none-eabi/5.4.1/../../../../arm-none-eabi/lib/armv7-m\libg_nano.a(lib_a-strtol.o) (__ctype_ptr__)

Allocating common symbols
Common symbol       size              file

buffer_uart         0x5               .\CortexM3\ARM_GCC_541\Debug\main.o
dieTemperature      0x2               .\CortexM3\ARM_GCC_541\Debug\Laboratorio2.a(CyFlash.o)

Discarded input sections

 .text          0x00000000        0x0 c:/program files (x86)/cypress/psoc creator/4.4/psoc creator/import/gnu/arm/5.4.1/bin/../lib/gcc/arm-none-eabi/5.4.1/armv7-m/crti.o
 .data          0x00000000        0x0 c:/program files (x86)/cypress/psoc creator/4.4/psoc creator/import/gnu/arm/5.4.1/bin/../lib/gcc/arm-none-eabi/5.4.1/armv7-m/crti.o
 .bss           0x00000000        0x0 c:/program files (x86)/cypress/psoc creator/4.4/psoc creator/import/gnu/arm/5.4.1/bin/../lib/gcc/arm-none-eabi/5.4.1/armv7-m/crti.o
 .data          0x00000000        0x4 c:/program files (x86)/cypress/psoc creator/4.4/psoc creator/import/gnu/arm/5.4.1/bin/../lib/gcc/arm-none-eabi/5.4.1/armv7-m/crtbegin.o
 .text          0x00000000       0x74 c:/program files (x86)/cypress/psoc creator/4.4/psoc creator/import/gnu/arm/5.4.1/bin/../lib/gcc/arm-none-eabi/5.4.1/../../../../arm-none-eabi/lib/armv7-m/crt0.o
 .data          0x00000000        0x0 c:/program files (x86)/cypress/psoc creator/4.4/psoc creator/import/gnu/arm/5.4.1/bin/../lib/gcc/arm-none-eabi/5.4.1/../../../../arm-none-eabi/lib/armv7-m/crt0.o
 .bss           0x00000000        0x0 c:/program files (x86)/cypress/psoc creator/4.4/psoc creator/import/gnu/arm/5.4.1/bin/../lib/gcc/arm-none-eabi/5.4.1/../../../../arm-none-eabi/lib/armv7-m/crt0.o
 .ARM.extab     0x00000000        0x0 c:/program files (x86)/cypress/psoc creator/4.4/psoc creator/import/gnu/arm/5.4.1/bin/../lib/gcc/arm-none-eabi/5.4.1/../../../../arm-none-eabi/lib/armv7-m/crt0.o
 .ARM.exidx     0x00000000        0x8 c:/program files (x86)/cypress/psoc creator/4.4/psoc creator/import/gnu/arm/5.4.1/bin/../lib/gcc/arm-none-eabi/5.4.1/../../../../arm-none-eabi/lib/armv7-m/crt0.o
 .text          0x00000000        0x0 .\CortexM3\ARM_GCC_541\Debug\main.o
 .data          0x00000000        0x0 .\CortexM3\ARM_GCC_541\Debug\main.o
 .text.Lectura_Boton
                0x00000000       0x40 .\CortexM3\ARM_GCC_541\Debug\main.o
 .text.Direccion
                0x00000000       0x44 .\CortexM3\ARM_GCC_541\Debug\main.o
 .text.velocidad
                0x00000000        0x4 .\CortexM3\ARM_GCC_541\Debug\main.o
 .text          0x00000000        0x0 .\CortexM3\ARM_GCC_541\Debug\cyfitter_cfg.o
 .data          0x00000000        0x0 .\CortexM3\ARM_GCC_541\Debug\cyfitter_cfg.o
 .bss           0x00000000        0x0 .\CortexM3\ARM_GCC_541\Debug\cyfitter_cfg.o
 .text.SetAnalogRoutingPumps
                0x00000000       0x10 .\CortexM3\ARM_GCC_541\Debug\cyfitter_cfg.o
 .text          0x00000000        0x0 .\CortexM3\ARM_GCC_541\Debug\cymetadata.o
 .data          0x00000000        0x0 .\CortexM3\ARM_GCC_541\Debug\cymetadata.o
 .bss           0x00000000        0x0 .\CortexM3\ARM_GCC_541\Debug\cymetadata.o
 .text          0x00000000        0x0 .\CortexM3\ARM_GCC_541\Debug\Cm3Start.o
 .data          0x00000000        0x4 .\CortexM3\ARM_GCC_541\Debug\Cm3Start.o
 .bss           0x00000000        0x0 .\CortexM3\ARM_GCC_541\Debug\Cm3Start.o
 .text._exit    0x00000000        0xc .\CortexM3\ARM_GCC_541\Debug\Cm3Start.o
 .text._sbrk    0x00000000       0x30 .\CortexM3\ARM_GCC_541\Debug\Cm3Start.o
 .text          0x00000000        0x0 .\CortexM3\ARM_GCC_541\Debug\Laboratorio2.a(PWM.o)
 .data          0x00000000        0x0 .\CortexM3\ARM_GCC_541\Debug\Laboratorio2.a(PWM.o)
 .text.PWM_Stop
                0x00000000       0x10 .\CortexM3\ARM_GCC_541\Debug\Laboratorio2.a(PWM.o)
 .text.PWM_ReadCounter
                0x00000000       0x14 .\CortexM3\ARM_GCC_541\Debug\Laboratorio2.a(PWM.o)
 .text.PWM_ReadControlRegister
                0x00000000        0xc .\CortexM3\ARM_GCC_541\Debug\Laboratorio2.a(PWM.o)
 .text.PWM_WriteControlRegister
                0x00000000        0xc .\CortexM3\ARM_GCC_541\Debug\Laboratorio2.a(PWM.o)
 .text.PWM_ReadCompare
                0x00000000        0xc .\CortexM3\ARM_GCC_541\Debug\Laboratorio2.a(PWM.o)
 .text.PWM_ReadPeriod
                0x00000000        0xc .\CortexM3\ARM_GCC_541\Debug\Laboratorio2.a(PWM.o)
 .text          0x00000000        0x0 .\CortexM3\ARM_GCC_541\Debug\Laboratorio2.a(UART.o)
 .data          0x00000000        0x0 .\CortexM3\ARM_GCC_541\Debug\Laboratorio2.a(UART.o)
 .text.UART_Stop
                0x00000000       0x3c .\CortexM3\ARM_GCC_541\Debug\Laboratorio2.a(UART.o)
 .text.UART_ReadControlRegister
                0x00000000        0x4 .\CortexM3\ARM_GCC_541\Debug\Laboratorio2.a(UART.o)
 .text.UART_WriteControlRegister
                0x00000000        0x4 .\CortexM3\ARM_GCC_541\Debug\Laboratorio2.a(UART.o)
 .text.UART_SetRxInterruptMode
                0x00000000        0xc .\CortexM3\ARM_GCC_541\Debug\Laboratorio2.a(UART.o)
 .text.UART_ReadRxData
                0x00000000        0xc .\CortexM3\ARM_GCC_541\Debug\Laboratorio2.a(UART.o)
 .text.UART_ReadRxStatus
                0x00000000       0x10 .\CortexM3\ARM_GCC_541\Debug\Laboratorio2.a(UART.o)
 .text.UART_GetByte
                0x00000000       0x14 .\CortexM3\ARM_GCC_541\Debug\Laboratorio2.a(UART.o)
 .text.UART_ClearRxBuffer
                0x00000000       0x24 .\CortexM3\ARM_GCC_541\Debug\Laboratorio2.a(UART.o)
 .text.UART_SetRxAddressMode
                0x00000000        0x4 .\CortexM3\ARM_GCC_541\Debug\Laboratorio2.a(UART.o)
 .text.UART_SetRxAddress1
                0x00000000        0xc .\CortexM3\ARM_GCC_541\Debug\Laboratorio2.a(UART.o)
 .text.UART_SetRxAddress2
                0x00000000        0xc .\CortexM3\ARM_GCC_541\Debug\Laboratorio2.a(UART.o)
 .text.UART_SetTxInterruptMode
                0x00000000        0xc .\CortexM3\ARM_GCC_541\Debug\Laboratorio2.a(UART.o)
 .text.UART_WriteTxData
                0x00000000       0x14 .\CortexM3\ARM_GCC_541\Debug\Laboratorio2.a(UART.o)
 .text.UART_ReadTxStatus
                0x00000000        0xc .\CortexM3\ARM_GCC_541\Debug\Laboratorio2.a(UART.o)
 .text.UART_PutArray
                0x00000000       0x28 .\CortexM3\ARM_GCC_541\Debug\Laboratorio2.a(UART.o)
 .text.UART_PutCRLF
                0x00000000       0x20 .\CortexM3\ARM_GCC_541\Debug\Laboratorio2.a(UART.o)
 .text.UART_GetTxBufferSize
                0x00000000       0x24 .\CortexM3\ARM_GCC_541\Debug\Laboratorio2.a(UART.o)
 .text.UART_ClearTxBuffer
                0x00000000       0x24 .\CortexM3\ARM_GCC_541\Debug\Laboratorio2.a(UART.o)
 .text.UART_SendBreak
                0x00000000       0x58 .\CortexM3\ARM_GCC_541\Debug\Laboratorio2.a(UART.o)
 .text.UART_SetTxAddressMode
                0x00000000        0x4 .\CortexM3\ARM_GCC_541\Debug\Laboratorio2.a(UART.o)
 .text          0x00000000        0x0 .\CortexM3\ARM_GCC_541\Debug\Laboratorio2.a(UART_IntClock.o)
 .data          0x00000000        0x0 .\CortexM3\ARM_GCC_541\Debug\Laboratorio2.a(UART_IntClock.o)
 .bss           0x00000000        0x0 .\CortexM3\ARM_GCC_541\Debug\Laboratorio2.a(UART_IntClock.o)
 .text.UART_IntClock_Stop
                0x00000000       0x1c .\CortexM3\ARM_GCC_541\Debug\Laboratorio2.a(UART_IntClock.o)
 .text.UART_IntClock_StopBlock
                0x00000000       0x6c .\CortexM3\ARM_GCC_541\Debug\Laboratorio2.a(UART_IntClock.o)
 .text.UART_IntClock_StandbyPower
                0x00000000       0x20 .\CortexM3\ARM_GCC_541\Debug\Laboratorio2.a(UART_IntClock.o)
 .text.UART_IntClock_GetDividerRegister
                0x00000000        0xc .\CortexM3\ARM_GCC_541\Debug\Laboratorio2.a(UART_IntClock.o)
 .text.UART_IntClock_SetModeRegister
                0x00000000       0x14 .\CortexM3\ARM_GCC_541\Debug\Laboratorio2.a(UART_IntClock.o)
 .text.UART_IntClock_ClearModeRegister
                0x00000000       0x18 .\CortexM3\ARM_GCC_541\Debug\Laboratorio2.a(UART_IntClock.o)
 .text.UART_IntClock_GetModeRegister
                0x00000000       0x10 .\CortexM3\ARM_GCC_541\Debug\Laboratorio2.a(UART_IntClock.o)
 .text.UART_IntClock_GetSourceRegister
                0x00000000       0x10 .\CortexM3\ARM_GCC_541\Debug\Laboratorio2.a(UART_IntClock.o)
 .text.UART_IntClock_SetDividerRegister
                0x00000000       0xd8 .\CortexM3\ARM_GCC_541\Debug\Laboratorio2.a(UART_IntClock.o)
 .text.UART_IntClock_SetSourceRegister
                0x00000000       0x5c .\CortexM3\ARM_GCC_541\Debug\Laboratorio2.a(UART_IntClock.o)
 .text          0x00000000        0x0 .\CortexM3\ARM_GCC_541\Debug\Laboratorio2.a(CyLib.o)
 .data          0x00000000       0x10 .\CortexM3\ARM_GCC_541\Debug\Laboratorio2.a(CyLib.o)
 .bss           0x00000000       0x1c .\CortexM3\ARM_GCC_541\Debug\Laboratorio2.a(CyLib.o)
 .text.CyUSB_PowerOnCheck
                0x00000000       0x48 .\CortexM3\ARM_GCC_541\Debug\Laboratorio2.a(CyLib.o)
 .text.CyBusClk_Internal_SetDivider
                0x00000000       0x48 .\CortexM3\ARM_GCC_541\Debug\Laboratorio2.a(CyLib.o)
 .text.CyPLL_OUT_Stop
                0x00000000       0x10 .\CortexM3\ARM_GCC_541\Debug\Laboratorio2.a(CyLib.o)
 .text.CyIMO_Stop
                0x00000000       0x1c .\CortexM3\ARM_GCC_541\Debug\Laboratorio2.a(CyLib.o)
 .text.CyIMO_EnableDoubler
                0x00000000       0x10 .\CortexM3\ARM_GCC_541\Debug\Laboratorio2.a(CyLib.o)
 .text.CyIMO_DisableDoubler
                0x00000000       0x10 .\CortexM3\ARM_GCC_541\Debug\Laboratorio2.a(CyLib.o)
 .text.CyMasterClk_SetSource
                0x00000000       0x18 .\CortexM3\ARM_GCC_541\Debug\Laboratorio2.a(CyLib.o)
 .text.CyMasterClk_SetDivider
                0x00000000        0xc .\CortexM3\ARM_GCC_541\Debug\Laboratorio2.a(CyLib.o)
 .text.CyBusClk_SetDivider
                0x00000000       0x70 .\CortexM3\ARM_GCC_541\Debug\Laboratorio2.a(CyLib.o)
 .text.CyUsbClk_SetSource
                0x00000000       0x18 .\CortexM3\ARM_GCC_541\Debug\Laboratorio2.a(CyLib.o)
 .text.CyILO_Start1K
                0x00000000       0x10 .\CortexM3\ARM_GCC_541\Debug\Laboratorio2.a(CyLib.o)
 .text.CyILO_Stop1K
                0x00000000       0x10 .\CortexM3\ARM_GCC_541\Debug\Laboratorio2.a(CyLib.o)
 .text.CyILO_Start100K
                0x00000000       0x10 .\CortexM3\ARM_GCC_541\Debug\Laboratorio2.a(CyLib.o)
 .text.CyILO_Stop100K
                0x00000000       0x10 .\CortexM3\ARM_GCC_541\Debug\Laboratorio2.a(CyLib.o)
 .text.CyPLL_OUT_Start
                0x00000000       0x78 .\CortexM3\ARM_GCC_541\Debug\Laboratorio2.a(CyLib.o)
 .text.CyIMO_Start
                0x00000000       0x60 .\CortexM3\ARM_GCC_541\Debug\Laboratorio2.a(CyLib.o)
 .text.CyILO_Enable33K
                0x00000000       0x10 .\CortexM3\ARM_GCC_541\Debug\Laboratorio2.a(CyLib.o)
 .text.CyILO_Disable33K
                0x00000000       0x10 .\CortexM3\ARM_GCC_541\Debug\Laboratorio2.a(CyLib.o)
 .text.CyILO_SetSource
                0x00000000       0x18 .\CortexM3\ARM_GCC_541\Debug\Laboratorio2.a(CyLib.o)
 .text.CyILO_SetPowerMode
                0x00000000       0x24 .\CortexM3\ARM_GCC_541\Debug\Laboratorio2.a(CyLib.o)
 .text.CyXTAL_32KHZ_Stop
                0x00000000       0x30 .\CortexM3\ARM_GCC_541\Debug\Laboratorio2.a(CyLib.o)
 .text.CyXTAL_32KHZ_ReadStatus
                0x00000000       0x10 .\CortexM3\ARM_GCC_541\Debug\Laboratorio2.a(CyLib.o)
 .text.CyXTAL_Start
                0x00000000       0xac .\CortexM3\ARM_GCC_541\Debug\Laboratorio2.a(CyLib.o)
 .text.CyXTAL_Stop
                0x00000000       0x10 .\CortexM3\ARM_GCC_541\Debug\Laboratorio2.a(CyLib.o)
 .text.CyXTAL_EnableErrStatus
                0x00000000       0x10 .\CortexM3\ARM_GCC_541\Debug\Laboratorio2.a(CyLib.o)
 .text.CyXTAL_DisableErrStatus
                0x00000000       0x10 .\CortexM3\ARM_GCC_541\Debug\Laboratorio2.a(CyLib.o)
 .text.CyXTAL_ReadStatus
                0x00000000       0x18 .\CortexM3\ARM_GCC_541\Debug\Laboratorio2.a(CyLib.o)
 .text.CyXTAL_EnableFaultRecovery
                0x00000000       0x10 .\CortexM3\ARM_GCC_541\Debug\Laboratorio2.a(CyLib.o)
 .text.CyXTAL_DisableFaultRecovery
                0x00000000       0x10 .\CortexM3\ARM_GCC_541\Debug\Laboratorio2.a(CyLib.o)
 .text.CyXTAL_SetStartup
                0x00000000       0x18 .\CortexM3\ARM_GCC_541\Debug\Laboratorio2.a(CyLib.o)
 .text.CyXTAL_SetFbVoltage
                0x00000000       0x18 .\CortexM3\ARM_GCC_541\Debug\Laboratorio2.a(CyLib.o)
 .text.CyXTAL_SetWdVoltage
                0x00000000       0x18 .\CortexM3\ARM_GCC_541\Debug\Laboratorio2.a(CyLib.o)
 .text.CyHalt   0x00000000        0x4 .\CortexM3\ARM_GCC_541\Debug\Laboratorio2.a(CyLib.o)
 .text.CyPLL_OUT_SetPQ
                0x00000000       0x60 .\CortexM3\ARM_GCC_541\Debug\Laboratorio2.a(CyLib.o)
 .text.CyPLL_OUT_SetSource
                0x00000000       0x34 .\CortexM3\ARM_GCC_541\Debug\Laboratorio2.a(CyLib.o)
 .text.CyIMO_SetTrimValue
                0x00000000       0xcc .\CortexM3\ARM_GCC_541\Debug\Laboratorio2.a(CyLib.o)
 .text.CyIMO_SetFreq
                0x00000000       0xf4 .\CortexM3\ARM_GCC_541\Debug\Laboratorio2.a(CyLib.o)
 .text.CyIMO_SetSource
                0x00000000       0x58 .\CortexM3\ARM_GCC_541\Debug\Laboratorio2.a(CyLib.o)
 .text.CySoftwareReset
                0x00000000       0x10 .\CortexM3\ARM_GCC_541\Debug\Laboratorio2.a(CyLib.o)
 .text.CyDelay  0x00000000       0x2c .\CortexM3\ARM_GCC_541\Debug\Laboratorio2.a(CyLib.o)
 .text.CyDelayUs
                0x00000000       0x14 .\CortexM3\ARM_GCC_541\Debug\Laboratorio2.a(CyLib.o)
 .text.CyXTAL_32KHZ_SetPowerMode
                0x00000000       0x84 .\CortexM3\ARM_GCC_541\Debug\Laboratorio2.a(CyLib.o)
 .text.CyXTAL_32KHZ_Start
                0x00000000       0x74 .\CortexM3\ARM_GCC_541\Debug\Laboratorio2.a(CyLib.o)
 .text.CyDelayFreq
                0x00000000       0x4c .\CortexM3\ARM_GCC_541\Debug\Laboratorio2.a(CyLib.o)
 .text.CyWdtStart
                0x00000000       0x40 .\CortexM3\ARM_GCC_541\Debug\Laboratorio2.a(CyLib.o)
 .text.CyWdtClear
                0x00000000        0xc .\CortexM3\ARM_GCC_541\Debug\Laboratorio2.a(CyLib.o)
 .text.CyVdStickyStatus
                0x00000000       0x2c .\CortexM3\ARM_GCC_541\Debug\Laboratorio2.a(CyLib.o)
 .text.CyVdLvDigitEnable
                0x00000000       0x84 .\CortexM3\ARM_GCC_541\Debug\Laboratorio2.a(CyLib.o)
 .text.CyVdLvAnalogEnable
                0x00000000       0x80 .\CortexM3\ARM_GCC_541\Debug\Laboratorio2.a(CyLib.o)
 .text.CyVdLvDigitDisable
                0x00000000       0x30 .\CortexM3\ARM_GCC_541\Debug\Laboratorio2.a(CyLib.o)
 .text.CyVdLvAnalogDisable
                0x00000000       0x28 .\CortexM3\ARM_GCC_541\Debug\Laboratorio2.a(CyLib.o)
 .text.CyVdHvAnalogEnable
                0x00000000       0x54 .\CortexM3\ARM_GCC_541\Debug\Laboratorio2.a(CyLib.o)
 .text.CyVdHvAnalogDisable
                0x00000000       0x20 .\CortexM3\ARM_GCC_541\Debug\Laboratorio2.a(CyLib.o)
 .text.CyVdRealTimeStatus
                0x00000000       0x1c .\CortexM3\ARM_GCC_541\Debug\Laboratorio2.a(CyLib.o)
 .text.CyDisableInts
                0x00000000       0x1c .\CortexM3\ARM_GCC_541\Debug\Laboratorio2.a(CyLib.o)
 .text.CyEnableInts
                0x00000000       0x18 .\CortexM3\ARM_GCC_541\Debug\Laboratorio2.a(CyLib.o)
 .text.CyFlushCache
                0x00000000       0x44 .\CortexM3\ARM_GCC_541\Debug\Laboratorio2.a(CyLib.o)
 .text.CyIntSetSysVector
                0x00000000       0x28 .\CortexM3\ARM_GCC_541\Debug\Laboratorio2.a(CyLib.o)
 .text.CyIntGetSysVector
                0x00000000       0x20 .\CortexM3\ARM_GCC_541\Debug\Laboratorio2.a(CyLib.o)
 .text.CyIntSetVector
                0x00000000       0x28 .\CortexM3\ARM_GCC_541\Debug\Laboratorio2.a(CyLib.o)
 .text.CyIntGetVector
                0x00000000       0x24 .\CortexM3\ARM_GCC_541\Debug\Laboratorio2.a(CyLib.o)
 .text.CyIntSetPriority
                0x00000000       0x30 .\CortexM3\ARM_GCC_541\Debug\Laboratorio2.a(CyLib.o)
 .text.CyIntGetPriority
                0x00000000       0x20 .\CortexM3\ARM_GCC_541\Debug\Laboratorio2.a(CyLib.o)
 .text.CyIntGetState
                0x00000000       0x24 .\CortexM3\ARM_GCC_541\Debug\Laboratorio2.a(CyLib.o)
 .text.CySysTickStop
                0x00000000       0x10 .\CortexM3\ARM_GCC_541\Debug\Laboratorio2.a(CyLib.o)
 .text.CySysTickEnableInterrupt
                0x00000000       0x10 .\CortexM3\ARM_GCC_541\Debug\Laboratorio2.a(CyLib.o)
 .text.CySysTickEnable
                0x00000000       0x18 .\CortexM3\ARM_GCC_541\Debug\Laboratorio2.a(CyLib.o)
 .text.CySysTickDisableInterrupt
                0x00000000       0x10 .\CortexM3\ARM_GCC_541\Debug\Laboratorio2.a(CyLib.o)
 .text.CySysTickSetReload
                0x00000000       0x10 .\CortexM3\ARM_GCC_541\Debug\Laboratorio2.a(CyLib.o)
 .text.CySysTickGetReload
                0x00000000       0x10 .\CortexM3\ARM_GCC_541\Debug\Laboratorio2.a(CyLib.o)
 .text.CySysTickGetValue
                0x00000000       0x10 .\CortexM3\ARM_GCC_541\Debug\Laboratorio2.a(CyLib.o)
 .text.CySysTickSetClockSource
                0x00000000       0x20 .\CortexM3\ARM_GCC_541\Debug\Laboratorio2.a(CyLib.o)
 .text.CySysTickGetClockSource
                0x00000000       0x10 .\CortexM3\ARM_GCC_541\Debug\Laboratorio2.a(CyLib.o)
 .text.CySysTickGetCountFlag
                0x00000000       0x10 .\CortexM3\ARM_GCC_541\Debug\Laboratorio2.a(CyLib.o)
 .text.CySysTickServiceCallbacks
                0x00000000       0x28 .\CortexM3\ARM_GCC_541\Debug\Laboratorio2.a(CyLib.o)
 .text.CySysTickClear
                0x00000000        0xc .\CortexM3\ARM_GCC_541\Debug\Laboratorio2.a(CyLib.o)
 .text.CySysTickInit
                0x00000000       0x58 .\CortexM3\ARM_GCC_541\Debug\Laboratorio2.a(CyLib.o)
 .text.CySysTickStart
                0x00000000       0x1c .\CortexM3\ARM_GCC_541\Debug\Laboratorio2.a(CyLib.o)
 .text.CySysTickSetCallback
                0x00000000       0x10 .\CortexM3\ARM_GCC_541\Debug\Laboratorio2.a(CyLib.o)
 .text.CySysTickGetCallback
                0x00000000       0x10 .\CortexM3\ARM_GCC_541\Debug\Laboratorio2.a(CyLib.o)
 .text.CyGetUniqueId
                0x00000000       0x70 .\CortexM3\ARM_GCC_541\Debug\Laboratorio2.a(CyLib.o)
 .text          0x00000000        0x0 .\CortexM3\ARM_GCC_541\Debug\Laboratorio2.a(cyPm.o)
 .data          0x00000000        0x0 .\CortexM3\ARM_GCC_541\Debug\Laboratorio2.a(cyPm.o)
 .bss           0x00000000       0x43 .\CortexM3\ARM_GCC_541\Debug\Laboratorio2.a(cyPm.o)
 .text.CyPmHibSlpSaveSet
                0x00000000      0x1dc .\CortexM3\ARM_GCC_541\Debug\Laboratorio2.a(cyPm.o)
 .text.CyPmHibSlpRestore
                0x00000000       0xd8 .\CortexM3\ARM_GCC_541\Debug\Laboratorio2.a(cyPm.o)
 .text.CyPmHviLviSaveDisable
                0x00000000       0xa0 .\CortexM3\ARM_GCC_541\Debug\Laboratorio2.a(cyPm.o)
 .text.CyPmHibSaveSet
                0x00000000       0x98 .\CortexM3\ARM_GCC_541\Debug\Laboratorio2.a(cyPm.o)
 .text.CyPmHviLviRestore
                0x00000000       0x48 .\CortexM3\ARM_GCC_541\Debug\Laboratorio2.a(cyPm.o)
 .text.CyPmHibRestore
                0x00000000       0x60 .\CortexM3\ARM_GCC_541\Debug\Laboratorio2.a(cyPm.o)
 .text.CyPmSaveClocks
                0x00000000      0x218 .\CortexM3\ARM_GCC_541\Debug\Laboratorio2.a(cyPm.o)
 .text.CyPmRestoreClocks
                0x00000000      0x24c .\CortexM3\ARM_GCC_541\Debug\Laboratorio2.a(cyPm.o)
 .text.CyPmAltAct
                0x00000000       0x6c .\CortexM3\ARM_GCC_541\Debug\Laboratorio2.a(cyPm.o)
 .text.CyPmSleep
                0x00000000       0xf4 .\CortexM3\ARM_GCC_541\Debug\Laboratorio2.a(cyPm.o)
 .text.CyPmHibernateEx
                0x00000000       0xf4 .\CortexM3\ARM_GCC_541\Debug\Laboratorio2.a(cyPm.o)
 .text.CyPmHibernate
                0x00000000        0xc .\CortexM3\ARM_GCC_541\Debug\Laboratorio2.a(cyPm.o)
 .text.CyPmReadStatus
                0x00000000       0x30 .\CortexM3\ARM_GCC_541\Debug\Laboratorio2.a(cyPm.o)
 .text.CyPmCtwSetInterval
                0x00000000       0x5c .\CortexM3\ARM_GCC_541\Debug\Laboratorio2.a(cyPm.o)
 .text.CyPmOppsSet
                0x00000000       0x2c .\CortexM3\ARM_GCC_541\Debug\Laboratorio2.a(cyPm.o)
 .text.CyPmFtwSetInterval
                0x00000000       0x5c .\CortexM3\ARM_GCC_541\Debug\Laboratorio2.a(cyPm.o)
 .rodata        0x00000000        0xf .\CortexM3\ARM_GCC_541\Debug\Laboratorio2.a(cyPm.o)
 .text          0x00000000        0x0 .\CortexM3\ARM_GCC_541\Debug\Laboratorio2.a(IN3.o)
 .data          0x00000000        0x0 .\CortexM3\ARM_GCC_541\Debug\Laboratorio2.a(IN3.o)
 .bss           0x00000000        0x0 .\CortexM3\ARM_GCC_541\Debug\Laboratorio2.a(IN3.o)
 .text.IN3_SetDriveMode
                0x00000000       0x18 .\CortexM3\ARM_GCC_541\Debug\Laboratorio2.a(IN3.o)
 .text.IN3_Read
                0x00000000       0x10 .\CortexM3\ARM_GCC_541\Debug\Laboratorio2.a(IN3.o)
 .text.IN3_ReadDataReg
                0x00000000       0x10 .\CortexM3\ARM_GCC_541\Debug\Laboratorio2.a(IN3.o)
 .text          0x00000000        0x0 .\CortexM3\ARM_GCC_541\Debug\Laboratorio2.a(IN4.o)
 .data          0x00000000        0x0 .\CortexM3\ARM_GCC_541\Debug\Laboratorio2.a(IN4.o)
 .bss           0x00000000        0x0 .\CortexM3\ARM_GCC_541\Debug\Laboratorio2.a(IN4.o)
 .text.IN4_SetDriveMode
                0x00000000       0x18 .\CortexM3\ARM_GCC_541\Debug\Laboratorio2.a(IN4.o)
 .text.IN4_Read
                0x00000000       0x10 .\CortexM3\ARM_GCC_541\Debug\Laboratorio2.a(IN4.o)
 .text.IN4_ReadDataReg
                0x00000000       0x10 .\CortexM3\ARM_GCC_541\Debug\Laboratorio2.a(IN4.o)
 .text          0x00000000        0x0 .\CortexM3\ARM_GCC_541\Debug\Laboratorio2.a(Button.o)
 .data          0x00000000        0x0 .\CortexM3\ARM_GCC_541\Debug\Laboratorio2.a(Button.o)
 .bss           0x00000000        0x0 .\CortexM3\ARM_GCC_541\Debug\Laboratorio2.a(Button.o)
 .text.Button_Write
                0x00000000       0x18 .\CortexM3\ARM_GCC_541\Debug\Laboratorio2.a(Button.o)
 .text.Button_SetDriveMode
                0x00000000       0x18 .\CortexM3\ARM_GCC_541\Debug\Laboratorio2.a(Button.o)
 .text.Button_Read
                0x00000000       0x10 .\CortexM3\ARM_GCC_541\Debug\Laboratorio2.a(Button.o)
 .text.Button_ReadDataReg
                0x00000000       0x10 .\CortexM3\ARM_GCC_541\Debug\Laboratorio2.a(Button.o)
 .text          0x00000000        0x0 .\CortexM3\ARM_GCC_541\Debug\Laboratorio2.a(Encoder.o)
 .data          0x00000000        0x0 .\CortexM3\ARM_GCC_541\Debug\Laboratorio2.a(Encoder.o)
 .text.Encoder_Init
                0x00000000        0x4 .\CortexM3\ARM_GCC_541\Debug\Laboratorio2.a(Encoder.o)
 .text.Encoder_Stop
                0x00000000       0x20 .\CortexM3\ARM_GCC_541\Debug\Laboratorio2.a(Encoder.o)
 .text.Encoder_GetCounter
                0x00000000        0xc .\CortexM3\ARM_GCC_541\Debug\Laboratorio2.a(Encoder.o)
 .text.Encoder_GetInterruptMask
                0x00000000       0x10 .\CortexM3\ARM_GCC_541\Debug\Laboratorio2.a(Encoder.o)
 .text          0x00000000        0x0 .\CortexM3\ARM_GCC_541\Debug\Laboratorio2.a(Encoder_Cnt8.o)
 .data          0x00000000        0x0 .\CortexM3\ARM_GCC_541\Debug\Laboratorio2.a(Encoder_Cnt8.o)
 .text.Encoder_Cnt8_Stop
                0x00000000       0x10 .\CortexM3\ARM_GCC_541\Debug\Laboratorio2.a(Encoder_Cnt8.o)
 .text.Encoder_Cnt8_ReadControlRegister
                0x00000000        0xc .\CortexM3\ARM_GCC_541\Debug\Laboratorio2.a(Encoder_Cnt8.o)
 .text.Encoder_Cnt8_WriteControlRegister
                0x00000000        0xc .\CortexM3\ARM_GCC_541\Debug\Laboratorio2.a(Encoder_Cnt8.o)
 .text.Encoder_Cnt8_ReadCounter
                0x00000000       0x14 .\CortexM3\ARM_GCC_541\Debug\Laboratorio2.a(Encoder_Cnt8.o)
 .text.Encoder_Cnt8_ReadPeriod
                0x00000000        0xc .\CortexM3\ARM_GCC_541\Debug\Laboratorio2.a(Encoder_Cnt8.o)
 .text.Encoder_Cnt8_ReadCompare
                0x00000000        0xc .\CortexM3\ARM_GCC_541\Debug\Laboratorio2.a(Encoder_Cnt8.o)
 .data          0x00000000        0x0 .\CortexM3\ARM_GCC_541\Debug\Laboratorio2.a(CyBootAsmGnu.o)
 .bss           0x00000000        0x0 .\CortexM3\ARM_GCC_541\Debug\Laboratorio2.a(CyBootAsmGnu.o)
 .text          0x00000000        0x0 .\CortexM3\ARM_GCC_541\Debug\Laboratorio2.a(CyFlash.o)
 .data          0x00000000        0x0 .\CortexM3\ARM_GCC_541\Debug\Laboratorio2.a(CyFlash.o)
 .bss           0x00000000        0x0 .\CortexM3\ARM_GCC_541\Debug\Laboratorio2.a(CyFlash.o)
 .text.CySetTempInt
                0x00000000       0x60 .\CortexM3\ARM_GCC_541\Debug\Laboratorio2.a(CyFlash.o)
 .text.CyFlash_Start
                0x00000000       0x54 .\CortexM3\ARM_GCC_541\Debug\Laboratorio2.a(CyFlash.o)
 .text.CyFlash_Stop
                0x00000000       0x24 .\CortexM3\ARM_GCC_541\Debug\Laboratorio2.a(CyFlash.o)
 .text.CyFlash_EraseRow
                0x00000000       0x78 .\CortexM3\ARM_GCC_541\Debug\Laboratorio2.a(CyFlash.o)
 .text.CyFlashGetSpcAlgorithm
                0x00000000       0x4c .\CortexM3\ARM_GCC_541\Debug\Laboratorio2.a(CyFlash.o)
 .text.CySetTemp
                0x00000000       0x14 .\CortexM3\ARM_GCC_541\Debug\Laboratorio2.a(CyFlash.o)
 .text.CySetFlashEEBuffer
                0x00000000       0x20 .\CortexM3\ARM_GCC_541\Debug\Laboratorio2.a(CyFlash.o)
 .text.CyWriteRowFull
                0x00000000       0xf8 .\CortexM3\ARM_GCC_541\Debug\Laboratorio2.a(CyFlash.o)
 .text.CyWriteRowData
                0x00000000       0x14 .\CortexM3\ARM_GCC_541\Debug\Laboratorio2.a(CyFlash.o)
 .text.CyFlash_SetWaitCycles
                0x00000000       0x7c .\CortexM3\ARM_GCC_541\Debug\Laboratorio2.a(CyFlash.o)
 .text.CyEEPROM_Start
                0x00000000       0x54 .\CortexM3\ARM_GCC_541\Debug\Laboratorio2.a(CyFlash.o)
 .text.CyEEPROM_Stop
                0x00000000       0x24 .\CortexM3\ARM_GCC_541\Debug\Laboratorio2.a(CyFlash.o)
 .text.CyEEPROM_ReadReserve
                0x00000000       0x1c .\CortexM3\ARM_GCC_541\Debug\Laboratorio2.a(CyFlash.o)
 .text.CyEEPROM_ReadRelease
                0x00000000       0x10 .\CortexM3\ARM_GCC_541\Debug\Laboratorio2.a(CyFlash.o)
 COMMON         0x00000000        0x2 .\CortexM3\ARM_GCC_541\Debug\Laboratorio2.a(CyFlash.o)
 .text          0x00000000        0x0 .\CortexM3\ARM_GCC_541\Debug\Laboratorio2.a(CySpc.o)
 .data          0x00000000        0x0 .\CortexM3\ARM_GCC_541\Debug\Laboratorio2.a(CySpc.o)
 .bss           0x00000000        0x8 .\CortexM3\ARM_GCC_541\Debug\Laboratorio2.a(CySpc.o)
 .text.CySpcStart
                0x00000000       0x24 .\CortexM3\ARM_GCC_541\Debug\Laboratorio2.a(CySpc.o)
 .text.CySpcStop
                0x00000000       0x24 .\CortexM3\ARM_GCC_541\Debug\Laboratorio2.a(CySpc.o)
 .text.CySpcReadData
                0x00000000       0x34 .\CortexM3\ARM_GCC_541\Debug\Laboratorio2.a(CySpc.o)
 .text.CySpcLoadMultiByte
                0x00000000       0x78 .\CortexM3\ARM_GCC_541\Debug\Laboratorio2.a(CySpc.o)
 .text.CySpcLoadRow
                0x00000000       0x50 .\CortexM3\ARM_GCC_541\Debug\Laboratorio2.a(CySpc.o)
 .text.CySpcLoadRowFull
                0x00000000       0x80 .\CortexM3\ARM_GCC_541\Debug\Laboratorio2.a(CySpc.o)
 .text.CySpcWriteRow
                0x00000000       0x4c .\CortexM3\ARM_GCC_541\Debug\Laboratorio2.a(CySpc.o)
 .text.CySpcEraseSector
                0x00000000       0x3c .\CortexM3\ARM_GCC_541\Debug\Laboratorio2.a(CySpc.o)
 .text.CySpcEraseRow
                0x00000000       0x4c .\CortexM3\ARM_GCC_541\Debug\Laboratorio2.a(CySpc.o)
 .text.CySpcGetTemp
                0x00000000       0x3c .\CortexM3\ARM_GCC_541\Debug\Laboratorio2.a(CySpc.o)
 .text.CySpcLock
                0x00000000       0x4c .\CortexM3\ARM_GCC_541\Debug\Laboratorio2.a(CySpc.o)
 .text.CySpcUnlock
                0x00000000       0x38 .\CortexM3\ARM_GCC_541\Debug\Laboratorio2.a(CySpc.o)
 .text.CySpcGetAlgorithm
                0x00000000       0x28 .\CortexM3\ARM_GCC_541\Debug\Laboratorio2.a(CySpc.o)
 .text          0x00000000        0x0 c:/program files (x86)/cypress/psoc creator/4.4/psoc creator/import/gnu/arm/5.4.1/bin/../lib/gcc/arm-none-eabi/5.4.1/../../../../arm-none-eabi/lib/armv7-m\libg_nano.a(lib_a-atoi.o)
 .data          0x00000000        0x0 c:/program files (x86)/cypress/psoc creator/4.4/psoc creator/import/gnu/arm/5.4.1/bin/../lib/gcc/arm-none-eabi/5.4.1/../../../../arm-none-eabi/lib/armv7-m\libg_nano.a(lib_a-atoi.o)
 .bss           0x00000000        0x0 c:/program files (x86)/cypress/psoc creator/4.4/psoc creator/import/gnu/arm/5.4.1/bin/../lib/gcc/arm-none-eabi/5.4.1/../../../../arm-none-eabi/lib/armv7-m\libg_nano.a(lib_a-atoi.o)
 .text._atoi_r  0x00000000        0x8 c:/program files (x86)/cypress/psoc creator/4.4/psoc creator/import/gnu/arm/5.4.1/bin/../lib/gcc/arm-none-eabi/5.4.1/../../../../arm-none-eabi/lib/armv7-m\libg_nano.a(lib_a-atoi.o)
 .text          0x00000000        0x0 c:/program files (x86)/cypress/psoc creator/4.4/psoc creator/import/gnu/arm/5.4.1/bin/../lib/gcc/arm-none-eabi/5.4.1/../../../../arm-none-eabi/lib/armv7-m\libg_nano.a(lib_a-errno.o)
 .data          0x00000000        0x0 c:/program files (x86)/cypress/psoc creator/4.4/psoc creator/import/gnu/arm/5.4.1/bin/../lib/gcc/arm-none-eabi/5.4.1/../../../../arm-none-eabi/lib/armv7-m\libg_nano.a(lib_a-errno.o)
 .bss           0x00000000        0x0 c:/program files (x86)/cypress/psoc creator/4.4/psoc creator/import/gnu/arm/5.4.1/bin/../lib/gcc/arm-none-eabi/5.4.1/../../../../arm-none-eabi/lib/armv7-m\libg_nano.a(lib_a-errno.o)
 .text          0x00000000        0x0 c:/program files (x86)/cypress/psoc creator/4.4/psoc creator/import/gnu/arm/5.4.1/bin/../lib/gcc/arm-none-eabi/5.4.1/../../../../arm-none-eabi/lib/armv7-m\libg_nano.a(lib_a-exit.o)
 .data          0x00000000        0x0 c:/program files (x86)/cypress/psoc creator/4.4/psoc creator/import/gnu/arm/5.4.1/bin/../lib/gcc/arm-none-eabi/5.4.1/../../../../arm-none-eabi/lib/armv7-m\libg_nano.a(lib_a-exit.o)
 .bss           0x00000000        0x0 c:/program files (x86)/cypress/psoc creator/4.4/psoc creator/import/gnu/arm/5.4.1/bin/../lib/gcc/arm-none-eabi/5.4.1/../../../../arm-none-eabi/lib/armv7-m\libg_nano.a(lib_a-exit.o)
 .text.exit     0x00000000       0x28 c:/program files (x86)/cypress/psoc creator/4.4/psoc creator/import/gnu/arm/5.4.1/bin/../lib/gcc/arm-none-eabi/5.4.1/../../../../arm-none-eabi/lib/armv7-m\libg_nano.a(lib_a-exit.o)
 .text          0x00000000        0x0 c:/program files (x86)/cypress/psoc creator/4.4/psoc creator/import/gnu/arm/5.4.1/bin/../lib/gcc/arm-none-eabi/5.4.1/../../../../arm-none-eabi/lib/armv7-m\libg_nano.a(lib_a-impure.o)
 .data          0x00000000        0x0 c:/program files (x86)/cypress/psoc creator/4.4/psoc creator/import/gnu/arm/5.4.1/bin/../lib/gcc/arm-none-eabi/5.4.1/../../../../arm-none-eabi/lib/armv7-m\libg_nano.a(lib_a-impure.o)
 .bss           0x00000000        0x0 c:/program files (x86)/cypress/psoc creator/4.4/psoc creator/import/gnu/arm/5.4.1/bin/../lib/gcc/arm-none-eabi/5.4.1/../../../../arm-none-eabi/lib/armv7-m\libg_nano.a(lib_a-impure.o)
 .rodata._global_impure_ptr
                0x00000000        0x4 c:/program files (x86)/cypress/psoc creator/4.4/psoc creator/import/gnu/arm/5.4.1/bin/../lib/gcc/arm-none-eabi/5.4.1/../../../../arm-none-eabi/lib/armv7-m\libg_nano.a(lib_a-impure.o)
 .text          0x00000000        0x0 c:/program files (x86)/cypress/psoc creator/4.4/psoc creator/import/gnu/arm/5.4.1/bin/../lib/gcc/arm-none-eabi/5.4.1/../../../../arm-none-eabi/lib/armv7-m\libg_nano.a(lib_a-init.o)
 .data          0x00000000        0x0 c:/program files (x86)/cypress/psoc creator/4.4/psoc creator/import/gnu/arm/5.4.1/bin/../lib/gcc/arm-none-eabi/5.4.1/../../../../arm-none-eabi/lib/armv7-m\libg_nano.a(lib_a-init.o)
 .bss           0x00000000        0x0 c:/program files (x86)/cypress/psoc creator/4.4/psoc creator/import/gnu/arm/5.4.1/bin/../lib/gcc/arm-none-eabi/5.4.1/../../../../arm-none-eabi/lib/armv7-m\libg_nano.a(lib_a-init.o)
 .text          0x00000000        0x0 c:/program files (x86)/cypress/psoc creator/4.4/psoc creator/import/gnu/arm/5.4.1/bin/../lib/gcc/arm-none-eabi/5.4.1/../../../../arm-none-eabi/lib/armv7-m\libg_nano.a(lib_a-memcpy-stub.o)
 .data          0x00000000        0x0 c:/program files (x86)/cypress/psoc creator/4.4/psoc creator/import/gnu/arm/5.4.1/bin/../lib/gcc/arm-none-eabi/5.4.1/../../../../arm-none-eabi/lib/armv7-m\libg_nano.a(lib_a-memcpy-stub.o)
 .bss           0x00000000        0x0 c:/program files (x86)/cypress/psoc creator/4.4/psoc creator/import/gnu/arm/5.4.1/bin/../lib/gcc/arm-none-eabi/5.4.1/../../../../arm-none-eabi/lib/armv7-m\libg_nano.a(lib_a-memcpy-stub.o)
 .text          0x00000000        0x0 c:/program files (x86)/cypress/psoc creator/4.4/psoc creator/import/gnu/arm/5.4.1/bin/../lib/gcc/arm-none-eabi/5.4.1/../../../../arm-none-eabi/lib/armv7-m\libg_nano.a(lib_a-memset.o)
 .data          0x00000000        0x0 c:/program files (x86)/cypress/psoc creator/4.4/psoc creator/import/gnu/arm/5.4.1/bin/../lib/gcc/arm-none-eabi/5.4.1/../../../../arm-none-eabi/lib/armv7-m\libg_nano.a(lib_a-memset.o)
 .bss           0x00000000        0x0 c:/program files (x86)/cypress/psoc creator/4.4/psoc creator/import/gnu/arm/5.4.1/bin/../lib/gcc/arm-none-eabi/5.4.1/../../../../arm-none-eabi/lib/armv7-m\libg_nano.a(lib_a-memset.o)
 .text          0x00000000        0x0 c:/program files (x86)/cypress/psoc creator/4.4/psoc creator/import/gnu/arm/5.4.1/bin/../lib/gcc/arm-none-eabi/5.4.1/../../../../arm-none-eabi/lib/armv7-m\libg_nano.a(lib_a-strtol.o)
 .data          0x00000000        0x0 c:/program files (x86)/cypress/psoc creator/4.4/psoc creator/import/gnu/arm/5.4.1/bin/../lib/gcc/arm-none-eabi/5.4.1/../../../../arm-none-eabi/lib/armv7-m\libg_nano.a(lib_a-strtol.o)
 .bss           0x00000000        0x0 c:/program files (x86)/cypress/psoc creator/4.4/psoc creator/import/gnu/arm/5.4.1/bin/../lib/gcc/arm-none-eabi/5.4.1/../../../../arm-none-eabi/lib/armv7-m\libg_nano.a(lib_a-strtol.o)
 .text          0x00000000        0x0 c:/program files (x86)/cypress/psoc creator/4.4/psoc creator/import/gnu/arm/5.4.1/bin/../lib/gcc/arm-none-eabi/5.4.1/../../../../arm-none-eabi/lib/armv7-m\libg_nano.a(lib_a-ctype_.o)
 .data          0x00000000        0x0 c:/program files (x86)/cypress/psoc creator/4.4/psoc creator/import/gnu/arm/5.4.1/bin/../lib/gcc/arm-none-eabi/5.4.1/../../../../arm-none-eabi/lib/armv7-m\libg_nano.a(lib_a-ctype_.o)
 .bss           0x00000000        0x0 c:/program files (x86)/cypress/psoc creator/4.4/psoc creator/import/gnu/arm/5.4.1/bin/../lib/gcc/arm-none-eabi/5.4.1/../../../../arm-none-eabi/lib/armv7-m\libg_nano.a(lib_a-ctype_.o)
 .text          0x00000000        0x0 c:/program files (x86)/cypress/psoc creator/4.4/psoc creator/import/gnu/arm/5.4.1/bin/../lib/gcc/arm-none-eabi/5.4.1/armv7-m/crtend.o
 .data          0x00000000        0x0 c:/program files (x86)/cypress/psoc creator/4.4/psoc creator/import/gnu/arm/5.4.1/bin/../lib/gcc/arm-none-eabi/5.4.1/armv7-m/crtend.o
 .bss           0x00000000        0x0 c:/program files (x86)/cypress/psoc creator/4.4/psoc creator/import/gnu/arm/5.4.1/bin/../lib/gcc/arm-none-eabi/5.4.1/armv7-m/crtend.o
 .text          0x00000000        0x0 c:/program files (x86)/cypress/psoc creator/4.4/psoc creator/import/gnu/arm/5.4.1/bin/../lib/gcc/arm-none-eabi/5.4.1/armv7-m/crtn.o
 .data          0x00000000        0x0 c:/program files (x86)/cypress/psoc creator/4.4/psoc creator/import/gnu/arm/5.4.1/bin/../lib/gcc/arm-none-eabi/5.4.1/armv7-m/crtn.o
 .bss           0x00000000        0x0 c:/program files (x86)/cypress/psoc creator/4.4/psoc creator/import/gnu/arm/5.4.1/bin/../lib/gcc/arm-none-eabi/5.4.1/armv7-m/crtn.o

Memory Configuration

Name             Origin             Length             Attributes
rom              0x00000000         0x00040000         xr
ram              0x1fff8000         0x00010000         xrw
*default*        0x00000000         0xffffffff

Linker script and memory map

LOAD c:/program files (x86)/cypress/psoc creator/4.4/psoc creator/import/gnu/arm/5.4.1/bin/../lib/gcc/arm-none-eabi/5.4.1/armv7-m/crti.o
LOAD c:/program files (x86)/cypress/psoc creator/4.4/psoc creator/import/gnu/arm/5.4.1/bin/../lib/gcc/arm-none-eabi/5.4.1/armv7-m/crtbegin.o
LOAD c:/program files (x86)/cypress/psoc creator/4.4/psoc creator/import/gnu/arm/5.4.1/bin/../lib/gcc/arm-none-eabi/5.4.1/../../../../arm-none-eabi/lib/armv7-m/crt0.o
START GROUP
LOAD .\CortexM3\ARM_GCC_541\Debug\main.o
LOAD .\CortexM3\ARM_GCC_541\Debug\cyfitter_cfg.o
LOAD .\CortexM3\ARM_GCC_541\Debug\cymetadata.o
LOAD .\CortexM3\ARM_GCC_541\Debug\Cm3Start.o
LOAD .\CortexM3\ARM_GCC_541\Debug\Laboratorio2.a
LOAD C:\Program Files (x86)\Cypress\PSoC Creator\4.4\PSoC Creator\psoc\content\cycomponentlibrary\CyComponentLibrary.cylib\CortexM3\ARM_GCC_541\Debug\CyComponentLibrary.a
END GROUP
START GROUP
LOAD c:/program files (x86)/cypress/psoc creator/4.4/psoc creator/import/gnu/arm/5.4.1/bin/../lib/gcc/arm-none-eabi/5.4.1/armv7-m\libgcc.a
LOAD c:/program files (x86)/cypress/psoc creator/4.4/psoc creator/import/gnu/arm/5.4.1/bin/../lib/gcc/arm-none-eabi/5.4.1/../../../../arm-none-eabi/lib/armv7-m\libg_nano.a
LOAD c:/program files (x86)/cypress/psoc creator/4.4/psoc creator/import/gnu/arm/5.4.1/bin/../lib/gcc/arm-none-eabi/5.4.1/../../../../arm-none-eabi/lib/armv7-m\libc_nano.a
END GROUP
START GROUP
LOAD c:/program files (x86)/cypress/psoc creator/4.4/psoc creator/import/gnu/arm/5.4.1/bin/../lib/gcc/arm-none-eabi/5.4.1/armv7-m\libgcc.a
LOAD c:/program files (x86)/cypress/psoc creator/4.4/psoc creator/import/gnu/arm/5.4.1/bin/../lib/gcc/arm-none-eabi/5.4.1/../../../../arm-none-eabi/lib/armv7-m\libc_nano.a
END GROUP
LOAD c:/program files (x86)/cypress/psoc creator/4.4/psoc creator/import/gnu/arm/5.4.1/bin/../lib/gcc/arm-none-eabi/5.4.1/armv7-m/crtend.o
LOAD c:/program files (x86)/cypress/psoc creator/4.4/psoc creator/import/gnu/arm/5.4.1/bin/../lib/gcc/arm-none-eabi/5.4.1/armv7-m/crtn.o
START GROUP
LOAD c:/program files (x86)/cypress/psoc creator/4.4/psoc creator/import/gnu/arm/5.4.1/bin/../lib/gcc/arm-none-eabi/5.4.1/armv7-m\libgcc.a
LOAD c:/program files (x86)/cypress/psoc creator/4.4/psoc creator/import/gnu/arm/5.4.1/bin/../lib/gcc/arm-none-eabi/5.4.1/../../../../arm-none-eabi/lib/armv7-m\libc.a
LOAD c:/program files (x86)/cypress/psoc creator/4.4/psoc creator/import/gnu/arm/5.4.1/bin/../lib/gcc/arm-none-eabi/5.4.1/../../../../arm-none-eabi/lib/armv7-m\libnosys.a
END GROUP
                0x00000000                CY_APPL_ORIGIN = 0x0
                0x00000100                CY_FLASH_ROW_SIZE = 0x100
                0x00000020                CY_ECC_ROW_SIZE = 0x20
                0x00000000                CY_EE_IN_BTLDR = 0x0
                0x00000000                CY_APPL_LOADABLE = 0x0
                0x00000800                CY_EE_SIZE = 0x800
                0x00000001                CY_APPL_NUM = 0x1
                0x00000001                CY_APPL_MAX = 0x1
                0x00000040                CY_METADATA_SIZE = 0x40
                0x00000000                CY_APPL_LOADABLE = 0x0
                0x00000000                CY_CHECKSUM_EXCLUDE_SIZE = ALIGN (0x0, CY_FLASH_ROW_SIZE)
                [!provide]                PROVIDE (__cy_heap_start, _end)
                0x00000001                PROVIDE (__cy_region_num, ((__cy_regions_end - __cy_regions) / 0x10))
                0x20008000                PROVIDE (__cy_stack, (ORIGIN (ram) + LENGTH (ram)))
                [!provide]                PROVIDE (__cy_heap_end, (__cy_stack - 0x800))

.cybootloader   0x00000000        0x0
 *(.cybootloader)
                0x00000000                appl1_start = CY_APPL_ORIGIN?CY_APPL_ORIGIN:ALIGN (CY_FLASH_ROW_SIZE)
                0x0001ff00                appl2_start = (appl1_start + ALIGN ((((LENGTH (rom) - appl1_start) - (0x2 * CY_FLASH_ROW_SIZE)) / 0x2), CY_FLASH_ROW_SIZE))
                0x00000000                appl_start = (CY_APPL_NUM == 0x1)?appl1_start:appl2_start
                0x00000000                ecc_offset = ((appl_start / CY_FLASH_ROW_SIZE) * CY_ECC_ROW_SIZE)
                0x00000000                ee_offset = (CY_APPL_LOADABLE && ! (CY_EE_IN_BTLDR))?((CY_EE_SIZE / CY_APPL_MAX) * (CY_APPL_NUM - 0x1)):0x0
                0x00000800                ee_size = (CY_APPL_LOADABLE && ! (CY_EE_IN_BTLDR))?(CY_EE_SIZE / CY_APPL_MAX):CY_EE_SIZE
                [!provide]                PROVIDE (CY_ECC_OFFSET, ecc_offset)

.text           0x00000000      0x990
 CREATE_OBJECT_SYMBOLS
                0x00000000                PROVIDE (__cy_interrupt_vector, RomVectors)
 *(.romvectors)
 .romvectors    0x00000000       0x10 .\CortexM3\ARM_GCC_541\Debug\Cm3Start.o
                0x00000000                RomVectors
                0x00000001                ASSERT ((. != __cy_interrupt_vector), No interrupt vector)
                0x00000001                ASSERT (CY_APPL_ORIGIN?(SIZEOF (.cybootloader) <= CY_APPL_ORIGIN):0x1, Wrong image location)
                0x00000010                PROVIDE (__cy_reset, Reset)
 *(.text.Reset)
 .text.Reset    0x00000010       0x18 .\CortexM3\ARM_GCC_541\Debug\Cm3Start.o
                0x00000010                Reset
                0x00000001                ASSERT ((. != __cy_reset), No reset code)
 *(.dma_init)
                0x00000001                ASSERT ((((appl_start + .) <= 0x10000) || 0x1), DMA Init must be within the first 64k of flash)
 *(.text .text.* .gnu.linkonce.t.*)
 .text          0x00000028       0x5c c:/program files (x86)/cypress/psoc creator/4.4/psoc creator/import/gnu/arm/5.4.1/bin/../lib/gcc/arm-none-eabi/5.4.1/armv7-m/crtbegin.o
 .text.Lectura_Serial
                0x00000084       0x38 .\CortexM3\ARM_GCC_541\Debug\main.o
                0x00000084                Lectura_Serial
 .text.comunicacion_serial
                0x000000bc       0x50 .\CortexM3\ARM_GCC_541\Debug\main.o
                0x000000bc                comunicacion_serial
 .text.main     0x0000010c       0x28 .\CortexM3\ARM_GCC_541\Debug\main.o
                0x0000010c                main
 .text.CyClockStartupError
                0x00000134        0x4 .\CortexM3\ARM_GCC_541\Debug\cyfitter_cfg.o
 .text.cfg_write_bytes32
                0x00000138       0x34 .\CortexM3\ARM_GCC_541\Debug\cyfitter_cfg.o
 .text.AnalogSetDefault
                0x0000016c       0x28 .\CortexM3\ARM_GCC_541\Debug\cyfitter_cfg.o
 .text.CYMEMZERO
                0x00000194        0xc .\CortexM3\ARM_GCC_541\Debug\cyfitter_cfg.o
 .text.ClockSetup
                0x000001a0       0xd8 .\CortexM3\ARM_GCC_541\Debug\cyfitter_cfg.o
 .text.CYCONFIGCPY
                0x00000278        0x8 .\CortexM3\ARM_GCC_541\Debug\cyfitter_cfg.o
 .text.cyfitter_cfg
                0x00000280      0x110 .\CortexM3\ARM_GCC_541\Debug\cyfitter_cfg.o
                0x00000280                cyfitter_cfg
 .text.IntDefaultHandler
                0x00000390       0x10 .\CortexM3\ARM_GCC_541\Debug\Cm3Start.o
                0x00000390                IntDefaultHandler
 .text.Start_c  0x000003a0       0x4c .\CortexM3\ARM_GCC_541\Debug\Cm3Start.o
                0x000003a0                Start_c
 .text.initialize_psoc
                0x000003ec       0x68 .\CortexM3\ARM_GCC_541\Debug\Cm3Start.o
                0x000003ec                initialize_psoc
 .text.PWM_Enable
                0x00000454       0x10 .\CortexM3\ARM_GCC_541\Debug\Laboratorio2.a(PWM.o)
                0x00000454                PWM_Enable
 .text.PWM_WriteCounter
                0x00000464        0xc .\CortexM3\ARM_GCC_541\Debug\Laboratorio2.a(PWM.o)
                0x00000464                PWM_WriteCounter
 .text.PWM_WritePeriod
                0x00000470        0xc .\CortexM3\ARM_GCC_541\Debug\Laboratorio2.a(PWM.o)
                0x00000470                PWM_WritePeriod
 .text.PWM_WriteCompare
                0x0000047c        0xc .\CortexM3\ARM_GCC_541\Debug\Laboratorio2.a(PWM.o)
                0x0000047c                PWM_WriteCompare
 .text.PWM_SetInterruptMode
                0x00000488        0xc .\CortexM3\ARM_GCC_541\Debug\Laboratorio2.a(PWM.o)
                0x00000488                PWM_SetInterruptMode
 .text.PWM_ReadStatusRegister
                0x00000494        0xc .\CortexM3\ARM_GCC_541\Debug\Laboratorio2.a(PWM.o)
                0x00000494                PWM_ReadStatusRegister
 .text.PWM_ReadCapture
                0x000004a0        0xc .\CortexM3\ARM_GCC_541\Debug\Laboratorio2.a(PWM.o)
                0x000004a0                PWM_ReadCapture
 .text.PWM_ClearFIFO
                0x000004ac       0x14 .\CortexM3\ARM_GCC_541\Debug\Laboratorio2.a(PWM.o)
                0x000004ac                PWM_ClearFIFO
 .text.PWM_Init
                0x000004c0       0x50 .\CortexM3\ARM_GCC_541\Debug\Laboratorio2.a(PWM.o)
                0x000004c0                PWM_Init
 .text.PWM_Start
                0x00000510       0x1c .\CortexM3\ARM_GCC_541\Debug\Laboratorio2.a(PWM.o)
                0x00000510                PWM_Start
 .text.UART_Init
                0x0000052c       0x28 .\CortexM3\ARM_GCC_541\Debug\Laboratorio2.a(UART.o)
                0x0000052c                UART_Init
 .text.UART_Enable
                0x00000554       0x38 .\CortexM3\ARM_GCC_541\Debug\Laboratorio2.a(UART.o)
                0x00000554                UART_Enable
 .text.UART_Start
                0x0000058c       0x1c .\CortexM3\ARM_GCC_541\Debug\Laboratorio2.a(UART.o)
                0x0000058c                UART_Start
 .text.UART_GetChar
                0x000005a8       0x2c .\CortexM3\ARM_GCC_541\Debug\Laboratorio2.a(UART.o)
                0x000005a8                UART_GetChar
 .text.UART_GetRxBufferSize
                0x000005d4       0x18 .\CortexM3\ARM_GCC_541\Debug\Laboratorio2.a(UART.o)
                0x000005d4                UART_GetRxBufferSize
 .text.UART_PutChar
                0x000005ec       0x18 .\CortexM3\ARM_GCC_541\Debug\Laboratorio2.a(UART.o)
                0x000005ec                UART_PutChar
 .text.UART_PutString
                0x00000604       0x24 .\CortexM3\ARM_GCC_541\Debug\Laboratorio2.a(UART.o)
                0x00000604                UART_PutString
 .text.UART_IntClock_Start
                0x00000628       0x1c .\CortexM3\ARM_GCC_541\Debug\Laboratorio2.a(UART_IntClock.o)
                0x00000628                UART_IntClock_Start
 .text.IN3_Write
                0x00000644       0x18 .\CortexM3\ARM_GCC_541\Debug\Laboratorio2.a(IN3.o)
                0x00000644                IN3_Write
 .text.IN4_Write
                0x0000065c       0x18 .\CortexM3\ARM_GCC_541\Debug\Laboratorio2.a(IN4.o)
                0x0000065c                IN4_Write
 .text.Encoder_SetCounter
                0x00000674       0x18 .\CortexM3\ARM_GCC_541\Debug\Laboratorio2.a(Encoder.o)
                0x00000674                Encoder_SetCounter
 .text.Encoder_GetEvents
                0x0000068c       0x10 .\CortexM3\ARM_GCC_541\Debug\Laboratorio2.a(Encoder.o)
                0x0000068c                Encoder_GetEvents
 .text.Encoder_SetInterruptMask
                0x0000069c        0xc .\CortexM3\ARM_GCC_541\Debug\Laboratorio2.a(Encoder.o)
                0x0000069c                Encoder_SetInterruptMask
 .text.Encoder_Enable
                0x000006a8       0x24 .\CortexM3\ARM_GCC_541\Debug\Laboratorio2.a(Encoder.o)
                0x000006a8                Encoder_Enable
 .text.Encoder_Start
                0x000006cc       0x24 .\CortexM3\ARM_GCC_541\Debug\Laboratorio2.a(Encoder.o)
                0x000006cc                Encoder_Start
 .text.Encoder_Cnt8_Enable
                0x000006f0       0x10 .\CortexM3\ARM_GCC_541\Debug\Laboratorio2.a(Encoder_Cnt8.o)
                0x000006f0                Encoder_Cnt8_Enable
 .text.Encoder_Cnt8_SetInterruptMode
                0x00000700        0xc .\CortexM3\ARM_GCC_541\Debug\Laboratorio2.a(Encoder_Cnt8.o)
                0x00000700                Encoder_Cnt8_SetInterruptMode
 .text.Encoder_Cnt8_ReadStatusRegister
                0x0000070c        0xc .\CortexM3\ARM_GCC_541\Debug\Laboratorio2.a(Encoder_Cnt8.o)
                0x0000070c                Encoder_Cnt8_ReadStatusRegister
 .text.Encoder_Cnt8_WriteCounter
                0x00000718        0xc .\CortexM3\ARM_GCC_541\Debug\Laboratorio2.a(Encoder_Cnt8.o)
                0x00000718                Encoder_Cnt8_WriteCounter
 .text.Encoder_Cnt8_ReadCapture
                0x00000724        0xc .\CortexM3\ARM_GCC_541\Debug\Laboratorio2.a(Encoder_Cnt8.o)
                0x00000724                Encoder_Cnt8_ReadCapture
 .text.Encoder_Cnt8_WritePeriod
                0x00000730        0xc .\CortexM3\ARM_GCC_541\Debug\Laboratorio2.a(Encoder_Cnt8.o)
                0x00000730                Encoder_Cnt8_WritePeriod
 .text.Encoder_Cnt8_WriteCompare
                0x0000073c        0xc .\CortexM3\ARM_GCC_541\Debug\Laboratorio2.a(Encoder_Cnt8.o)
                0x0000073c                Encoder_Cnt8_WriteCompare
 .text.Encoder_Cnt8_ClearFIFO
                0x00000748       0x14 .\CortexM3\ARM_GCC_541\Debug\Laboratorio2.a(Encoder_Cnt8.o)
                0x00000748                Encoder_Cnt8_ClearFIFO
 .text.Encoder_Cnt8_Init
                0x0000075c       0x50 .\CortexM3\ARM_GCC_541\Debug\Laboratorio2.a(Encoder_Cnt8.o)
                0x0000075c                Encoder_Cnt8_Init
 .text.Encoder_Cnt8_Start
                0x000007ac       0x1c .\CortexM3\ARM_GCC_541\Debug\Laboratorio2.a(Encoder_Cnt8.o)
                0x000007ac                Encoder_Cnt8_Start
 .text          0x000007c8       0x20 .\CortexM3\ARM_GCC_541\Debug\Laboratorio2.a(CyBootAsmGnu.o)
                0x000007c8                CyDelayCycles
                0x000007d8                CyEnterCriticalSection
                0x000007e0                CyExitCriticalSection
 .text.atoi     0x000007e8        0x8 c:/program files (x86)/cypress/psoc creator/4.4/psoc creator/import/gnu/arm/5.4.1/bin/../lib/gcc/arm-none-eabi/5.4.1/../../../../arm-none-eabi/lib/armv7-m\libg_nano.a(lib_a-atoi.o)
                0x000007e8                atoi
 .text.__errno  0x000007f0        0xc c:/program files (x86)/cypress/psoc creator/4.4/psoc creator/import/gnu/arm/5.4.1/bin/../lib/gcc/arm-none-eabi/5.4.1/../../../../arm-none-eabi/lib/armv7-m\libg_nano.a(lib_a-errno.o)
                0x000007f0                __errno
 .text.__libc_init_array
                0x000007fc       0x4c c:/program files (x86)/cypress/psoc creator/4.4/psoc creator/import/gnu/arm/5.4.1/bin/../lib/gcc/arm-none-eabi/5.4.1/../../../../arm-none-eabi/lib/armv7-m\libg_nano.a(lib_a-init.o)
                0x000007fc                __libc_init_array
 .text.memcpy   0x00000848       0x16 c:/program files (x86)/cypress/psoc creator/4.4/psoc creator/import/gnu/arm/5.4.1/bin/../lib/gcc/arm-none-eabi/5.4.1/../../../../arm-none-eabi/lib/armv7-m\libg_nano.a(lib_a-memcpy-stub.o)
                0x00000848                memcpy
 .text.memset   0x0000085e       0x10 c:/program files (x86)/cypress/psoc creator/4.4/psoc creator/import/gnu/arm/5.4.1/bin/../lib/gcc/arm-none-eabi/5.4.1/../../../../arm-none-eabi/lib/armv7-m\libg_nano.a(lib_a-memset.o)
                0x0000085e                memset
 *fill*         0x0000086e        0x2 
 .text._strtol_r
                0x00000870      0x10c c:/program files (x86)/cypress/psoc creator/4.4/psoc creator/import/gnu/arm/5.4.1/bin/../lib/gcc/arm-none-eabi/5.4.1/../../../../arm-none-eabi/lib/armv7-m\libg_nano.a(lib_a-strtol.o)
                0x00000870                _strtol_r
 .text.strtol   0x0000097c       0x14 c:/program files (x86)/cypress/psoc creator/4.4/psoc creator/import/gnu/arm/5.4.1/bin/../lib/gcc/arm-none-eabi/5.4.1/../../../../arm-none-eabi/lib/armv7-m\libg_nano.a(lib_a-strtol.o)
                0x0000097c                strtol
 *(.plt)
 *(.gnu.warning)
 *(.glue_7t)
 .glue_7t       0x00000990        0x0 linker stubs
 *(.glue_7)
 .glue_7        0x00000990        0x0 linker stubs
 *(.vfp11_veneer)
 .vfp11_veneer  0x00000990        0x0 linker stubs
 *(.bootloader)
 *(.ARM.extab* .gnu.linkonce.armextab.*)
 *(.gcc_except_table)

.v4_bx          0x00000990        0x0
 .v4_bx         0x00000990        0x0 linker stubs

.iplt           0x00000990        0x0
 .iplt          0x00000990        0x0 c:/program files (x86)/cypress/psoc creator/4.4/psoc creator/import/gnu/arm/5.4.1/bin/../lib/gcc/arm-none-eabi/5.4.1/armv7-m/crtbegin.o

.eh_frame_hdr
 *(.eh_frame_hdr)

.eh_frame       0x00000990        0x4
 *(.eh_frame)
 .eh_frame      0x00000990        0x0 c:/program files (x86)/cypress/psoc creator/4.4/psoc creator/import/gnu/arm/5.4.1/bin/../lib/gcc/arm-none-eabi/5.4.1/armv7-m/crtbegin.o
 .eh_frame      0x00000990        0x4 c:/program files (x86)/cypress/psoc creator/4.4/psoc creator/import/gnu/arm/5.4.1/bin/../lib/gcc/arm-none-eabi/5.4.1/armv7-m/crtend.o
                [!provide]                PROVIDE (__exidx_start, .)

.ARM.exidx
 *(.ARM.exidx* .gnu.linkonce.armexidx.*)
                0x00000994                __exidx_end = .

.rodata         0x00000994      0x184
 *(.rodata .rodata.* .gnu.linkonce.r.*)
 .rodata.str1.4
                0x00000994       0x18 .\CortexM3\ARM_GCC_541\Debug\main.o
                                 0x17 (size before relaxing)
 .rodata        0x000009ac       0x30 .\CortexM3\ARM_GCC_541\Debug\cyfitter_cfg.o
 .rodata.str1.1
                0x000009dc        0x2 c:/program files (x86)/cypress/psoc creator/4.4/psoc creator/import/gnu/arm/5.4.1/bin/../lib/gcc/arm-none-eabi/5.4.1/../../../../arm-none-eabi/lib/armv7-m\libg_nano.a(lib_a-impure.o)
 .rodata._ctype_
                0x000009de      0x101 c:/program files (x86)/cypress/psoc creator/4.4/psoc creator/import/gnu/arm/5.4.1/bin/../lib/gcc/arm-none-eabi/5.4.1/../../../../arm-none-eabi/lib/armv7-m\libg_nano.a(lib_a-ctype_.o)
                0x000009de                _ctype_
                0x00000ae0                . = ALIGN (0x4)
 *fill*         0x00000adf        0x1 
 *(.init)
 .init          0x00000ae0        0x4 c:/program files (x86)/cypress/psoc creator/4.4/psoc creator/import/gnu/arm/5.4.1/bin/../lib/gcc/arm-none-eabi/5.4.1/armv7-m/crti.o
                0x00000ae0                _init
 .init          0x00000ae4        0x8 c:/program files (x86)/cypress/psoc creator/4.4/psoc creator/import/gnu/arm/5.4.1/bin/../lib/gcc/arm-none-eabi/5.4.1/armv7-m/crtn.o
                0x00000aec                . = ALIGN (0x4)
                0x00000aec                __preinit_array_start = .
 *(.preinit_array)
                0x00000aec                __preinit_array_end = .
                0x00000aec                . = ALIGN (0x4)
                0x00000aec                __init_array_start = .
 *(SORT(.init_array.*))
 *(.init_array)
 .init_array    0x00000aec        0x4 c:/program files (x86)/cypress/psoc creator/4.4/psoc creator/import/gnu/arm/5.4.1/bin/../lib/gcc/arm-none-eabi/5.4.1/armv7-m/crtbegin.o
 .init_array    0x00000af0        0x4 .\CortexM3\ARM_GCC_541\Debug\Cm3Start.o
                0x00000af4                __init_array_end = .
                0x00000af4                . = ALIGN (0x4)
 *(.fini)
 .fini          0x00000af4        0x4 c:/program files (x86)/cypress/psoc creator/4.4/psoc creator/import/gnu/arm/5.4.1/bin/../lib/gcc/arm-none-eabi/5.4.1/armv7-m/crti.o
                0x00000af4                _fini
 .fini          0x00000af8        0x8 c:/program files (x86)/cypress/psoc creator/4.4/psoc creator/import/gnu/arm/5.4.1/bin/../lib/gcc/arm-none-eabi/5.4.1/armv7-m/crtn.o
                0x00000b00                . = ALIGN (0x4)
                0x00000b00                __fini_array_start = .
 *(.fini_array)
 .fini_array    0x00000b00        0x4 c:/program files (x86)/cypress/psoc creator/4.4/psoc creator/import/gnu/arm/5.4.1/bin/../lib/gcc/arm-none-eabi/5.4.1/armv7-m/crtbegin.o
 *(SORT(.fini_array.*))
                0x00000b04                __fini_array_end = .
                0x00000b04                . = ALIGN (0x4)
 *crtbegin.o(.ctors)
 *(EXCLUDE_FILE(*crtend.o) .ctors)
 *(SORT(.ctors.*))
 *crtend.o(.ctors)
                0x00000b04                . = ALIGN (0x4)
 *crtbegin.o(.dtors)
 *(EXCLUDE_FILE(*crtend.o) .dtors)
 *(SORT(.dtors.*))
 *crtend.o(.dtors)
                0x00000b04                . = ALIGN (0x4)
                0x00000b04                __cy_regions = .
                0x00000b04        0x4 LONG 0xb18 __cy_region_init_ram
                0x00000b08        0x4 LONG 0x1fff80c8 __cy_region_start_data
                0x00000b0c        0x4 LONG 0x70 __cy_region_init_size_ram
                0x00000b10        0x4 LONG 0x30 __cy_region_zero_size_ram
                0x00000b14                __cy_regions_end = .
                0x00000b18                . = ALIGN (0x8)
 *fill*         0x00000b14        0x4 
                0x00000b18                _etext = .

.cy_checksum_exclude
                0x00000b18        0x0
 *(.cy_checksum_exclude)

.ramvectors     0x1fff8000       0xc0
                0x1fff8000                __cy_region_start_ram = .
 *(.ramvectors)
 .ramvectors    0x1fff8000       0xc0 .\CortexM3\ARM_GCC_541\Debug\Cm3Start.o
                0x1fff8000                CyRamVectors

.noinit         0x1fff80c0        0x1
 *(.noinit)
 .noinit        0x1fff80c0        0x1 .\CortexM3\ARM_GCC_541\Debug\Laboratorio2.a(CyLib.o)
                0x1fff80c0                CyResetStatus

.data           0x1fff80c8       0x70 load address 0x00000b18
                0x1fff80c8                __cy_region_start_data = .
 *(.jcr)
 .jcr           0x1fff80c8        0x0 c:/program files (x86)/cypress/psoc creator/4.4/psoc creator/import/gnu/arm/5.4.1/bin/../lib/gcc/arm-none-eabi/5.4.1/armv7-m/crtbegin.o
 .jcr           0x1fff80c8        0x4 c:/program files (x86)/cypress/psoc creator/4.4/psoc creator/import/gnu/arm/5.4.1/bin/../lib/gcc/arm-none-eabi/5.4.1/armv7-m/crtend.o
 *(.got.plt)
 *(.got)
 *(.shdata)
 *(.data .data.* .gnu.linkonce.d.*)
 .data.impure_data
                0x1fff80cc       0x60 c:/program files (x86)/cypress/psoc creator/4.4/psoc creator/import/gnu/arm/5.4.1/bin/../lib/gcc/arm-none-eabi/5.4.1/../../../../arm-none-eabi/lib/armv7-m\libg_nano.a(lib_a-impure.o)
 .data._impure_ptr
                0x1fff812c        0x4 c:/program files (x86)/cypress/psoc creator/4.4/psoc creator/import/gnu/arm/5.4.1/bin/../lib/gcc/arm-none-eabi/5.4.1/../../../../arm-none-eabi/lib/armv7-m\libg_nano.a(lib_a-impure.o)
                0x1fff812c                _impure_ptr
 .data.__ctype_ptr__
                0x1fff8130        0x4 c:/program files (x86)/cypress/psoc creator/4.4/psoc creator/import/gnu/arm/5.4.1/bin/../lib/gcc/arm-none-eabi/5.4.1/../../../../arm-none-eabi/lib/armv7-m\libg_nano.a(lib_a-ctype_.o)
                0x1fff8130                __ctype_ptr__
                0x1fff8138                . = ALIGN (0x8)
 *fill*         0x1fff8134        0x4 
 *(.ram)
                0x1fff8138                _edata = .

.igot.plt       0x1fff8138        0x0 load address 0x00000b88
 .igot.plt      0x1fff8138        0x0 c:/program files (x86)/cypress/psoc creator/4.4/psoc creator/import/gnu/arm/5.4.1/bin/../lib/gcc/arm-none-eabi/5.4.1/armv7-m/crtbegin.o

.bss            0x1fff8138       0x30 load address 0x00000b88
                0x1fff8138                PROVIDE (__bss_start__, .)
 *(.shbss)
 *(.bss .bss.* .gnu.linkonce.b.*)
 .bss           0x1fff8138       0x1c c:/program files (x86)/cypress/psoc creator/4.4/psoc creator/import/gnu/arm/5.4.1/bin/../lib/gcc/arm-none-eabi/5.4.1/armv7-m/crtbegin.o
 .bss           0x1fff8154        0x4 .\CortexM3\ARM_GCC_541\Debug\main.o
                0x1fff8154                Boton_actual
                0x1fff8155                Boton_anterior
                0x1fff8156                Estado_motor
                0x1fff8157                pwm_value
 .bss           0x1fff8158        0x1 .\CortexM3\ARM_GCC_541\Debug\Laboratorio2.a(PWM.o)
                0x1fff8158                PWM_initVar
 .bss           0x1fff8159        0x2 .\CortexM3\ARM_GCC_541\Debug\Laboratorio2.a(UART.o)
                0x1fff8159                UART_initVar
 .bss           0x1fff815b        0x1 .\CortexM3\ARM_GCC_541\Debug\Laboratorio2.a(Encoder.o)
                0x1fff815b                Encoder_initVar
 .bss           0x1fff815c        0x1 .\CortexM3\ARM_GCC_541\Debug\Laboratorio2.a(Encoder_Cnt8.o)
                0x1fff815c                Encoder_Cnt8_initVar
 *(COMMON)
 *fill*         0x1fff815d        0x3 
 COMMON         0x1fff8160        0x5 .\CortexM3\ARM_GCC_541\Debug\main.o
                0x1fff8160                buffer_uart
                0x1fff8168                . = ALIGN (0x8)
 *fill*         0x1fff8165        0x3 
 *(.ram.b)
                0x1fff8168                _end = .
                0x1fff8168                __end = .
                0x1fff8168                PROVIDE (end, .)
                0x1fff8168                PROVIDE (__bss_end__, .)
                0x00000b18                __cy_region_init_ram = LOADADDR (.data)
                0x00000070                __cy_region_init_size_ram = (_edata - ADDR (.data))
                0x00000030                __cy_region_zero_size_ram = (_end - _edata)

.heap           0x1fff8168       0x80 load address 0x00000b88
                0x1fff8168                . = _end
                0x1fff81e8                . = (. + 0x80)
 *fill*         0x1fff8168       0x80 
                0x1fff81e8                __cy_heap_limit = .

.stack          0x20007800      0x800
                0x20007800                __cy_stack_limit = .
                0x20008000                . = (. + 0x800)
 *fill*         0x20007800      0x800 
                0x00000001                ASSERT ((__cy_stack_limit >= __cy_heap_limit), region RAM overflowed with stack)
                0x00000000                cy_checksum_exclude_size = (CY_APPL_LOADABLE == 0x1)?SIZEOF (.cy_checksum_exclude):0x0
                0x00000001                ASSERT ((cy_checksum_exclude_size <= CY_CHECKSUM_EXCLUDE_SIZE), CY_BOOT: Section .cy_checksum_exclude size exceedes specified limit.)

.cyloadermeta
 *(.cyloadermeta)

.cyloadablemeta
 *(.cyloadablemeta)

.cyconfigecc    0x80000000      0x754
 *(.cyconfigecc)
 .cyconfigecc   0x80000000      0x754 .\CortexM3\ARM_GCC_541\Debug\cymetadata.o
                0x80000000                cy_meta_configecc

.cycustnvl      0x90000000        0x4
 *(.cycustnvl)
 .cycustnvl     0x90000000        0x4 .\CortexM3\ARM_GCC_541\Debug\cymetadata.o
                0x90000000                cy_meta_custnvl

.cywolatch      0x90100000        0x4
 *(.cywolatch)
 .cywolatch     0x90100000        0x4 .\CortexM3\ARM_GCC_541\Debug\cymetadata.o
                0x90100000                cy_meta_wonvl

.cyeeprom       0x90200000        0x0
 *(.cyeeprom)
                0x00000001                ASSERT ((. <= ((0x90200000 + ee_offset) + ee_size)), .cyeeprom data will not fit in EEPROM)

.cyflashprotect
                0x90400000      0x100
 *(.cyflashprotect)
 .cyflashprotect
                0x90400000      0x100 .\CortexM3\ARM_GCC_541\Debug\cymetadata.o
                0x90400000                cy_meta_flashprotect

.cymeta         0x90500000        0xc
 *(.cymeta)
 .cymeta        0x90500000        0xc .\CortexM3\ARM_GCC_541\Debug\cymetadata.o
                0x90500000                cy_metadata

.rel.dyn        0x00000b88        0x0 load address 0x9050000c
 .rel.iplt      0x00000b88        0x0 c:/program files (x86)/cypress/psoc creator/4.4/psoc creator/import/gnu/arm/5.4.1/bin/../lib/gcc/arm-none-eabi/5.4.1/armv7-m/crtbegin.o

.stab
 *(.stab)

.stabstr
 *(.stabstr)

.debug
 *(.debug)

.line
 *(.line)

.debug_srcinfo
 *(.debug_srcinfo)

.debug_sfnames
 *(.debug_sfnames)

.debug_aranges  0x00000000      0x8f8
 *(.debug_aranges)
 .debug_aranges
                0x00000000       0x48 .\CortexM3\ARM_GCC_541\Debug\main.o
 .debug_aranges
                0x00000048       0x58 .\CortexM3\ARM_GCC_541\Debug\cyfitter_cfg.o
 .debug_aranges
                0x000000a0       0x18 .\CortexM3\ARM_GCC_541\Debug\cymetadata.o
 .debug_aranges
                0x000000b8       0x48 .\CortexM3\ARM_GCC_541\Debug\Cm3Start.o
 .debug_aranges
                0x00000100       0x98 .\CortexM3\ARM_GCC_541\Debug\Laboratorio2.a(PWM.o)
 .debug_aranges
                0x00000198       0xf0 .\CortexM3\ARM_GCC_541\Debug\Laboratorio2.a(UART.o)
 .debug_aranges
                0x00000288       0x70 .\CortexM3\ARM_GCC_541\Debug\Laboratorio2.a(UART_IntClock.o)
 .debug_aranges
                0x000002f8      0x2a0 .\CortexM3\ARM_GCC_541\Debug\Laboratorio2.a(CyLib.o)
 .debug_aranges
                0x00000598       0x98 .\CortexM3\ARM_GCC_541\Debug\Laboratorio2.a(cyPm.o)
 .debug_aranges
                0x00000630       0x38 .\CortexM3\ARM_GCC_541\Debug\Laboratorio2.a(IN3.o)
 .debug_aranges
                0x00000668       0x38 .\CortexM3\ARM_GCC_541\Debug\Laboratorio2.a(IN4.o)
 .debug_aranges
                0x000006a0       0x38 .\CortexM3\ARM_GCC_541\Debug\Laboratorio2.a(Button.o)
 .debug_aranges
                0x000006d8       0x60 .\CortexM3\ARM_GCC_541\Debug\Laboratorio2.a(Encoder.o)
 .debug_aranges
                0x00000738       0x98 .\CortexM3\ARM_GCC_541\Debug\Laboratorio2.a(Encoder_Cnt8.o)
 .debug_aranges
                0x000007d0       0x20 .\CortexM3\ARM_GCC_541\Debug\Laboratorio2.a(CyBootAsmGnu.o)
 .debug_aranges
                0x000007f0       0x88 .\CortexM3\ARM_GCC_541\Debug\Laboratorio2.a(CyFlash.o)
 .debug_aranges
                0x00000878       0x80 .\CortexM3\ARM_GCC_541\Debug\Laboratorio2.a(CySpc.o)

.debug_pubnames
 *(.debug_pubnames)

.debug_info     0x00000000     0x4ce3
 *(.debug_info .gnu.linkonce.wi.*)
 .debug_info    0x00000000      0x405 .\CortexM3\ARM_GCC_541\Debug\main.o
 .debug_info    0x00000405      0x4ff .\CortexM3\ARM_GCC_541\Debug\cyfitter_cfg.o
 .debug_info    0x00000904      0x139 .\CortexM3\ARM_GCC_541\Debug\cymetadata.o
 .debug_info    0x00000a3d      0x3bb .\CortexM3\ARM_GCC_541\Debug\Cm3Start.o
 .debug_info    0x00000df8      0x334 .\CortexM3\ARM_GCC_541\Debug\Laboratorio2.a(PWM.o)
 .debug_info    0x0000112c      0x60c .\CortexM3\ARM_GCC_541\Debug\Laboratorio2.a(UART.o)
 .debug_info    0x00001738      0x283 .\CortexM3\ARM_GCC_541\Debug\Laboratorio2.a(UART_IntClock.o)
 .debug_info    0x000019bb     0x1374 .\CortexM3\ARM_GCC_541\Debug\Laboratorio2.a(CyLib.o)
 .debug_info    0x00002d2f      0xa2a .\CortexM3\ARM_GCC_541\Debug\Laboratorio2.a(cyPm.o)
 .debug_info    0x00003759      0x11f .\CortexM3\ARM_GCC_541\Debug\Laboratorio2.a(IN3.o)
 .debug_info    0x00003878      0x11f .\CortexM3\ARM_GCC_541\Debug\Laboratorio2.a(IN4.o)
 .debug_info    0x00003997      0x11f .\CortexM3\ARM_GCC_541\Debug\Laboratorio2.a(Button.o)
 .debug_info    0x00003ab6      0x2c7 .\CortexM3\ARM_GCC_541\Debug\Laboratorio2.a(Encoder.o)
 .debug_info    0x00003d7d      0x328 .\CortexM3\ARM_GCC_541\Debug\Laboratorio2.a(Encoder_Cnt8.o)
 .debug_info    0x000040a5       0xa1 .\CortexM3\ARM_GCC_541\Debug\Laboratorio2.a(CyBootAsmGnu.o)
 .debug_info    0x00004146      0x64d .\CortexM3\ARM_GCC_541\Debug\Laboratorio2.a(CyFlash.o)
 .debug_info    0x00004793      0x550 .\CortexM3\ARM_GCC_541\Debug\Laboratorio2.a(CySpc.o)

.debug_abbrev   0x00000000     0x14f7
 *(.debug_abbrev)
 .debug_abbrev  0x00000000      0x153 .\CortexM3\ARM_GCC_541\Debug\main.o
 .debug_abbrev  0x00000153      0x1fe .\CortexM3\ARM_GCC_541\Debug\cyfitter_cfg.o
 .debug_abbrev  0x00000351       0x77 .\CortexM3\ARM_GCC_541\Debug\cymetadata.o
 .debug_abbrev  0x000003c8      0x1e8 .\CortexM3\ARM_GCC_541\Debug\Cm3Start.o
 .debug_abbrev  0x000005b0      0x133 .\CortexM3\ARM_GCC_541\Debug\Laboratorio2.a(PWM.o)
 .debug_abbrev  0x000006e3      0x175 .\CortexM3\ARM_GCC_541\Debug\Laboratorio2.a(UART.o)
 .debug_abbrev  0x00000858      0x139 .\CortexM3\ARM_GCC_541\Debug\Laboratorio2.a(UART_IntClock.o)
 .debug_abbrev  0x00000991      0x254 .\CortexM3\ARM_GCC_541\Debug\Laboratorio2.a(CyLib.o)
 .debug_abbrev  0x00000be5      0x1ab .\CortexM3\ARM_GCC_541\Debug\Laboratorio2.a(cyPm.o)
 .debug_abbrev  0x00000d90       0x90 .\CortexM3\ARM_GCC_541\Debug\Laboratorio2.a(IN3.o)
 .debug_abbrev  0x00000e20       0x90 .\CortexM3\ARM_GCC_541\Debug\Laboratorio2.a(IN4.o)
 .debug_abbrev  0x00000eb0       0x90 .\CortexM3\ARM_GCC_541\Debug\Laboratorio2.a(Button.o)
 .debug_abbrev  0x00000f40      0x151 .\CortexM3\ARM_GCC_541\Debug\Laboratorio2.a(Encoder.o)
 .debug_abbrev  0x00001091      0x117 .\CortexM3\ARM_GCC_541\Debug\Laboratorio2.a(Encoder_Cnt8.o)
 .debug_abbrev  0x000011a8       0x14 .\CortexM3\ARM_GCC_541\Debug\Laboratorio2.a(CyBootAsmGnu.o)
 .debug_abbrev  0x000011bc      0x1a7 .\CortexM3\ARM_GCC_541\Debug\Laboratorio2.a(CyFlash.o)
 .debug_abbrev  0x00001363      0x194 .\CortexM3\ARM_GCC_541\Debug\Laboratorio2.a(CySpc.o)

.debug_line     0x00000000     0x226f
 *(.debug_line)
 .debug_line    0x00000000      0x2ad .\CortexM3\ARM_GCC_541\Debug\main.o
 .debug_line    0x000002ad      0x1dd .\CortexM3\ARM_GCC_541\Debug\cyfitter_cfg.o
 .debug_line    0x0000048a      0x141 .\CortexM3\ARM_GCC_541\Debug\cymetadata.o
 .debug_line    0x000005cb      0x234 .\CortexM3\ARM_GCC_541\Debug\Cm3Start.o
 .debug_line    0x000007ff      0x183 .\CortexM3\ARM_GCC_541\Debug\Laboratorio2.a(PWM.o)
 .debug_line    0x00000982      0x2bc .\CortexM3\ARM_GCC_541\Debug\Laboratorio2.a(UART.o)
 .debug_line    0x00000c3e      0x17c .\CortexM3\ARM_GCC_541\Debug\Laboratorio2.a(UART_IntClock.o)
 .debug_line    0x00000dba      0x816 .\CortexM3\ARM_GCC_541\Debug\Laboratorio2.a(CyLib.o)
 .debug_line    0x000015d0      0x367 .\CortexM3\ARM_GCC_541\Debug\Laboratorio2.a(cyPm.o)
 .debug_line    0x00001937       0x90 .\CortexM3\ARM_GCC_541\Debug\Laboratorio2.a(IN3.o)
 .debug_line    0x000019c7       0x90 .\CortexM3\ARM_GCC_541\Debug\Laboratorio2.a(IN4.o)
 .debug_line    0x00001a57       0x93 .\CortexM3\ARM_GCC_541\Debug\Laboratorio2.a(Button.o)
 .debug_line    0x00001aea      0x119 .\CortexM3\ARM_GCC_541\Debug\Laboratorio2.a(Encoder.o)
 .debug_line    0x00001c03      0x18c .\CortexM3\ARM_GCC_541\Debug\Laboratorio2.a(Encoder_Cnt8.o)
 .debug_line    0x00001d8f       0x66 .\CortexM3\ARM_GCC_541\Debug\Laboratorio2.a(CyBootAsmGnu.o)
 .debug_line    0x00001df5      0x21a .\CortexM3\ARM_GCC_541\Debug\Laboratorio2.a(CyFlash.o)
 .debug_line    0x0000200f      0x260 .\CortexM3\ARM_GCC_541\Debug\Laboratorio2.a(CySpc.o)

.debug_frame    0x00000000     0x1724
 *(.debug_frame)
 .debug_frame   0x00000000       0xb0 .\CortexM3\ARM_GCC_541\Debug\main.o
 .debug_frame   0x000000b0       0xe4 .\CortexM3\ARM_GCC_541\Debug\cyfitter_cfg.o
 .debug_frame   0x00000194       0xb8 .\CortexM3\ARM_GCC_541\Debug\Cm3Start.o
 .debug_frame   0x0000024c      0x134 .\CortexM3\ARM_GCC_541\Debug\Laboratorio2.a(PWM.o)
 .debug_frame   0x00000380      0x250 .\CortexM3\ARM_GCC_541\Debug\Laboratorio2.a(UART.o)
 .debug_frame   0x000005d0       0xe0 .\CortexM3\ARM_GCC_541\Debug\Laboratorio2.a(UART_IntClock.o)
 .debug_frame   0x000006b0      0x738 .\CortexM3\ARM_GCC_541\Debug\Laboratorio2.a(CyLib.o)
 .debug_frame   0x00000de8      0x1f8 .\CortexM3\ARM_GCC_541\Debug\Laboratorio2.a(cyPm.o)
 .debug_frame   0x00000fe0       0x50 .\CortexM3\ARM_GCC_541\Debug\Laboratorio2.a(IN3.o)
 .debug_frame   0x00001030       0x50 .\CortexM3\ARM_GCC_541\Debug\Laboratorio2.a(IN4.o)
 .debug_frame   0x00001080       0x50 .\CortexM3\ARM_GCC_541\Debug\Laboratorio2.a(Button.o)
 .debug_frame   0x000010d0       0xdc .\CortexM3\ARM_GCC_541\Debug\Laboratorio2.a(Encoder.o)
 .debug_frame   0x000011ac      0x134 .\CortexM3\ARM_GCC_541\Debug\Laboratorio2.a(Encoder_Cnt8.o)
 .debug_frame   0x000012e0      0x194 .\CortexM3\ARM_GCC_541\Debug\Laboratorio2.a(CyFlash.o)
 .debug_frame   0x00001474      0x180 .\CortexM3\ARM_GCC_541\Debug\Laboratorio2.a(CySpc.o)
 .debug_frame   0x000015f4       0x30 c:/program files (x86)/cypress/psoc creator/4.4/psoc creator/import/gnu/arm/5.4.1/bin/../lib/gcc/arm-none-eabi/5.4.1/../../../../arm-none-eabi/lib/armv7-m\libg_nano.a(lib_a-atoi.o)
 .debug_frame   0x00001624       0x20 c:/program files (x86)/cypress/psoc creator/4.4/psoc creator/import/gnu/arm/5.4.1/bin/../lib/gcc/arm-none-eabi/5.4.1/../../../../arm-none-eabi/lib/armv7-m\libg_nano.a(lib_a-errno.o)
 .debug_frame   0x00001644       0x28 c:/program files (x86)/cypress/psoc creator/4.4/psoc creator/import/gnu/arm/5.4.1/bin/../lib/gcc/arm-none-eabi/5.4.1/../../../../arm-none-eabi/lib/armv7-m\libg_nano.a(lib_a-exit.o)
 .debug_frame   0x0000166c       0x2c c:/program files (x86)/cypress/psoc creator/4.4/psoc creator/import/gnu/arm/5.4.1/bin/../lib/gcc/arm-none-eabi/5.4.1/../../../../arm-none-eabi/lib/armv7-m\libg_nano.a(lib_a-init.o)
 .debug_frame   0x00001698       0x28 c:/program files (x86)/cypress/psoc creator/4.4/psoc creator/import/gnu/arm/5.4.1/bin/../lib/gcc/arm-none-eabi/5.4.1/../../../../arm-none-eabi/lib/armv7-m\libg_nano.a(lib_a-memcpy-stub.o)
 .debug_frame   0x000016c0       0x20 c:/program files (x86)/cypress/psoc creator/4.4/psoc creator/import/gnu/arm/5.4.1/bin/../lib/gcc/arm-none-eabi/5.4.1/../../../../arm-none-eabi/lib/armv7-m\libg_nano.a(lib_a-memset.o)
 .debug_frame   0x000016e0       0x44 c:/program files (x86)/cypress/psoc creator/4.4/psoc creator/import/gnu/arm/5.4.1/bin/../lib/gcc/arm-none-eabi/5.4.1/../../../../arm-none-eabi/lib/armv7-m\libg_nano.a(lib_a-strtol.o)

.debug_str      0x00000000     0x1ce3
 *(.debug_str)
 .debug_str     0x00000000      0x2bb .\CortexM3\ARM_GCC_541\Debug\main.o
                                0x303 (size before relaxing)
 .debug_str     0x000002bb      0x181 .\CortexM3\ARM_GCC_541\Debug\cyfitter_cfg.o
                                0x326 (size before relaxing)
 .debug_str     0x0000043c       0x7f .\CortexM3\ARM_GCC_541\Debug\cymetadata.o
                                0x1f5 (size before relaxing)
 .debug_str     0x000004bb      0x13e .\CortexM3\ARM_GCC_541\Debug\Cm3Start.o
                                0x31b (size before relaxing)
 .debug_str     0x000005f9      0x18a .\CortexM3\ARM_GCC_541\Debug\Laboratorio2.a(PWM.o)
                                0x33c (size before relaxing)
 .debug_str     0x00000783      0x263 .\CortexM3\ARM_GCC_541\Debug\Laboratorio2.a(UART.o)
                                0x486 (size before relaxing)
 .debug_str     0x000009e6      0x189 .\CortexM3\ARM_GCC_541\Debug\Laboratorio2.a(UART_IntClock.o)
                                0x347 (size before relaxing)
 .debug_str     0x00000b6f      0x80a .\CortexM3\ARM_GCC_541\Debug\Laboratorio2.a(CyLib.o)
                                0xa58 (size before relaxing)
 .debug_str     0x00001379      0x365 .\CortexM3\ARM_GCC_541\Debug\Laboratorio2.a(cyPm.o)
                                0x744 (size before relaxing)
 .debug_str     0x000016de       0x52 .\CortexM3\ARM_GCC_541\Debug\Laboratorio2.a(IN3.o)
                                0x1e9 (size before relaxing)
 .debug_str     0x00001730       0x47 .\CortexM3\ARM_GCC_541\Debug\Laboratorio2.a(IN4.o)
                                0x1e9 (size before relaxing)
 .debug_str     0x00001777       0x54 .\CortexM3\ARM_GCC_541\Debug\Laboratorio2.a(Button.o)
                                0x1f8 (size before relaxing)
 .debug_str     0x000017cb      0x110 .\CortexM3\ARM_GCC_541\Debug\Laboratorio2.a(Encoder.o)
                                0x322 (size before relaxing)
 .debug_str     0x000018db      0x1a1 .\CortexM3\ARM_GCC_541\Debug\Laboratorio2.a(Encoder_Cnt8.o)
                                0x3e1 (size before relaxing)
 .debug_str     0x00001a7c      0x1bb .\CortexM3\ARM_GCC_541\Debug\Laboratorio2.a(CyFlash.o)
                                0x3d1 (size before relaxing)
 .debug_str     0x00001c37       0xac .\CortexM3\ARM_GCC_541\Debug\Laboratorio2.a(CySpc.o)
                                0x349 (size before relaxing)

.debug_loc      0x00000000     0x1f7f
 *(.debug_loc)
 .debug_loc     0x00000000       0x93 .\CortexM3\ARM_GCC_541\Debug\main.o
 .debug_loc     0x00000093      0x1d7 .\CortexM3\ARM_GCC_541\Debug\cyfitter_cfg.o
 .debug_loc     0x0000026a      0x144 .\CortexM3\ARM_GCC_541\Debug\Cm3Start.o
 .debug_loc     0x000003ae       0x26 .\CortexM3\ARM_GCC_541\Debug\Laboratorio2.a(PWM.o)
 .debug_loc     0x000003d4      0x258 .\CortexM3\ARM_GCC_541\Debug\Laboratorio2.a(UART.o)
 .debug_loc     0x0000062c      0x12c .\CortexM3\ARM_GCC_541\Debug\Laboratorio2.a(UART_IntClock.o)
 .debug_loc     0x00000758      0xa11 .\CortexM3\ARM_GCC_541\Debug\Laboratorio2.a(CyLib.o)
 .debug_loc     0x00001169      0x1e4 .\CortexM3\ARM_GCC_541\Debug\Laboratorio2.a(cyPm.o)
 .debug_loc     0x0000134d       0x42 .\CortexM3\ARM_GCC_541\Debug\Laboratorio2.a(IN3.o)
 .debug_loc     0x0000138f       0x42 .\CortexM3\ARM_GCC_541\Debug\Laboratorio2.a(IN4.o)
 .debug_loc     0x000013d1       0x42 .\CortexM3\ARM_GCC_541\Debug\Laboratorio2.a(Button.o)
 .debug_loc     0x00001413       0x78 .\CortexM3\ARM_GCC_541\Debug\Laboratorio2.a(Encoder.o)
 .debug_loc     0x0000148b       0x3d .\CortexM3\ARM_GCC_541\Debug\Laboratorio2.a(Encoder_Cnt8.o)
 .debug_loc     0x000014c8      0x3b2 .\CortexM3\ARM_GCC_541\Debug\Laboratorio2.a(CyFlash.o)
 .debug_loc     0x0000187a      0x705 .\CortexM3\ARM_GCC_541\Debug\Laboratorio2.a(CySpc.o)

.debug_macinfo
 *(.debug_macinfo)

.debug_ranges   0x00000000      0x7d0
 *(.debug_ranges)
 .debug_ranges  0x00000000       0x38 .\CortexM3\ARM_GCC_541\Debug\main.o
 .debug_ranges  0x00000038       0x48 .\CortexM3\ARM_GCC_541\Debug\cyfitter_cfg.o
 .debug_ranges  0x00000080       0x38 .\CortexM3\ARM_GCC_541\Debug\Cm3Start.o
 .debug_ranges  0x000000b8       0x88 .\CortexM3\ARM_GCC_541\Debug\Laboratorio2.a(PWM.o)
 .debug_ranges  0x00000140       0xe0 .\CortexM3\ARM_GCC_541\Debug\Laboratorio2.a(UART.o)
 .debug_ranges  0x00000220       0x60 .\CortexM3\ARM_GCC_541\Debug\Laboratorio2.a(UART_IntClock.o)
 .debug_ranges  0x00000280      0x290 .\CortexM3\ARM_GCC_541\Debug\Laboratorio2.a(CyLib.o)
 .debug_ranges  0x00000510       0x88 .\CortexM3\ARM_GCC_541\Debug\Laboratorio2.a(cyPm.o)
 .debug_ranges  0x00000598       0x28 .\CortexM3\ARM_GCC_541\Debug\Laboratorio2.a(IN3.o)
 .debug_ranges  0x000005c0       0x28 .\CortexM3\ARM_GCC_541\Debug\Laboratorio2.a(IN4.o)
 .debug_ranges  0x000005e8       0x28 .\CortexM3\ARM_GCC_541\Debug\Laboratorio2.a(Button.o)
 .debug_ranges  0x00000610       0x50 .\CortexM3\ARM_GCC_541\Debug\Laboratorio2.a(Encoder.o)
 .debug_ranges  0x00000660       0x88 .\CortexM3\ARM_GCC_541\Debug\Laboratorio2.a(Encoder_Cnt8.o)
 .debug_ranges  0x000006e8       0x78 .\CortexM3\ARM_GCC_541\Debug\Laboratorio2.a(CyFlash.o)
 .debug_ranges  0x00000760       0x70 .\CortexM3\ARM_GCC_541\Debug\Laboratorio2.a(CySpc.o)

.comment        0x00000000       0x6e
 .comment       0x00000000       0x6e .\CortexM3\ARM_GCC_541\Debug\main.o
                                 0x6f (size before relaxing)
 .comment       0x0000006e       0x6f .\CortexM3\ARM_GCC_541\Debug\cyfitter_cfg.o
 .comment       0x0000006e       0x6f .\CortexM3\ARM_GCC_541\Debug\cymetadata.o
 .comment       0x0000006e       0x6f .\CortexM3\ARM_GCC_541\Debug\Cm3Start.o
 .comment       0x0000006e       0x6f .\CortexM3\ARM_GCC_541\Debug\Laboratorio2.a(PWM.o)
 .comment       0x0000006e       0x6f .\CortexM3\ARM_GCC_541\Debug\Laboratorio2.a(UART.o)
 .comment       0x0000006e       0x6f .\CortexM3\ARM_GCC_541\Debug\Laboratorio2.a(UART_IntClock.o)
 .comment       0x0000006e       0x6f .\CortexM3\ARM_GCC_541\Debug\Laboratorio2.a(CyLib.o)
 .comment       0x0000006e       0x6f .\CortexM3\ARM_GCC_541\Debug\Laboratorio2.a(cyPm.o)
 .comment       0x0000006e       0x6f .\CortexM3\ARM_GCC_541\Debug\Laboratorio2.a(IN3.o)
 .comment       0x0000006e       0x6f .\CortexM3\ARM_GCC_541\Debug\Laboratorio2.a(IN4.o)
 .comment       0x0000006e       0x6f .\CortexM3\ARM_GCC_541\Debug\Laboratorio2.a(Button.o)
 .comment       0x0000006e       0x6f .\CortexM3\ARM_GCC_541\Debug\Laboratorio2.a(Encoder.o)
 .comment       0x0000006e       0x6f .\CortexM3\ARM_GCC_541\Debug\Laboratorio2.a(Encoder_Cnt8.o)
 .comment       0x0000006e       0x6f .\CortexM3\ARM_GCC_541\Debug\Laboratorio2.a(CyFlash.o)
 .comment       0x0000006e       0x6f .\CortexM3\ARM_GCC_541\Debug\Laboratorio2.a(CySpc.o)

.debug_weaknames
 *(.debug_weaknames)

.debug_funcnames
 *(.debug_funcnames)

.debug_typenames
 *(.debug_typenames)

.debug_varnames
 *(.debug_varnames)

.note.gnu.arm.ident
 *(.note.gnu.arm.ident)

.ARM.attributes
                0x00000000       0x29
 *(.ARM.attributes)
 .ARM.attributes
                0x00000000       0x1d c:/program files (x86)/cypress/psoc creator/4.4/psoc creator/import/gnu/arm/5.4.1/bin/../lib/gcc/arm-none-eabi/5.4.1/armv7-m/crti.o
 .ARM.attributes
                0x0000001d       0x2d c:/program files (x86)/cypress/psoc creator/4.4/psoc creator/import/gnu/arm/5.4.1/bin/../lib/gcc/arm-none-eabi/5.4.1/armv7-m/crtbegin.o
 .ARM.attributes
                0x0000004a       0x1b c:/program files (x86)/cypress/psoc creator/4.4/psoc creator/import/gnu/arm/5.4.1/bin/../lib/gcc/arm-none-eabi/5.4.1/../../../../arm-none-eabi/lib/armv7-m/crt0.o
 .ARM.attributes
                0x00000065       0x33 .\CortexM3\ARM_GCC_541\Debug\main.o
 .ARM.attributes
                0x00000098       0x33 .\CortexM3\ARM_GCC_541\Debug\cyfitter_cfg.o
 .ARM.attributes
                0x000000cb       0x33 .\CortexM3\ARM_GCC_541\Debug\cymetadata.o
 .ARM.attributes
                0x000000fe       0x33 .\CortexM3\ARM_GCC_541\Debug\Cm3Start.o
 .ARM.attributes
                0x00000131       0x33 .\CortexM3\ARM_GCC_541\Debug\Laboratorio2.a(PWM.o)
 .ARM.attributes
                0x00000164       0x33 .\CortexM3\ARM_GCC_541\Debug\Laboratorio2.a(UART.o)
 .ARM.attributes
                0x00000197       0x33 .\CortexM3\ARM_GCC_541\Debug\Laboratorio2.a(UART_IntClock.o)
 .ARM.attributes
                0x000001ca       0x33 .\CortexM3\ARM_GCC_541\Debug\Laboratorio2.a(CyLib.o)
 .ARM.attributes
                0x000001fd       0x33 .\CortexM3\ARM_GCC_541\Debug\Laboratorio2.a(cyPm.o)
 .ARM.attributes
                0x00000230       0x33 .\CortexM3\ARM_GCC_541\Debug\Laboratorio2.a(IN3.o)
 .ARM.attributes
                0x00000263       0x33 .\CortexM3\ARM_GCC_541\Debug\Laboratorio2.a(IN4.o)
 .ARM.attributes
                0x00000296       0x33 .\CortexM3\ARM_GCC_541\Debug\Laboratorio2.a(Button.o)
 .ARM.attributes
                0x000002c9       0x33 .\CortexM3\ARM_GCC_541\Debug\Laboratorio2.a(Encoder.o)
 .ARM.attributes
                0x000002fc       0x33 .\CortexM3\ARM_GCC_541\Debug\Laboratorio2.a(Encoder_Cnt8.o)
 .ARM.attributes
                0x0000032f       0x21 .\CortexM3\ARM_GCC_541\Debug\Laboratorio2.a(CyBootAsmGnu.o)
 .ARM.attributes
                0x00000350       0x33 .\CortexM3\ARM_GCC_541\Debug\Laboratorio2.a(CyFlash.o)
 .ARM.attributes
                0x00000383       0x33 .\CortexM3\ARM_GCC_541\Debug\Laboratorio2.a(CySpc.o)
 .ARM.attributes
                0x000003b6       0x2d c:/program files (x86)/cypress/psoc creator/4.4/psoc creator/import/gnu/arm/5.4.1/bin/../lib/gcc/arm-none-eabi/5.4.1/../../../../arm-none-eabi/lib/armv7-m\libg_nano.a(lib_a-atoi.o)
 .ARM.attributes
                0x000003e3       0x2d c:/program files (x86)/cypress/psoc creator/4.4/psoc creator/import/gnu/arm/5.4.1/bin/../lib/gcc/arm-none-eabi/5.4.1/../../../../arm-none-eabi/lib/armv7-m\libg_nano.a(lib_a-errno.o)
 .ARM.attributes
                0x00000410       0x2d c:/program files (x86)/cypress/psoc creator/4.4/psoc creator/import/gnu/arm/5.4.1/bin/../lib/gcc/arm-none-eabi/5.4.1/../../../../arm-none-eabi/lib/armv7-m\libg_nano.a(lib_a-exit.o)
 .ARM.attributes
                0x0000043d       0x2d c:/program files (x86)/cypress/psoc creator/4.4/psoc creator/import/gnu/arm/5.4.1/bin/../lib/gcc/arm-none-eabi/5.4.1/../../../../arm-none-eabi/lib/armv7-m\libg_nano.a(lib_a-impure.o)
 .ARM.attributes
                0x0000046a       0x2d c:/program files (x86)/cypress/psoc creator/4.4/psoc creator/import/gnu/arm/5.4.1/bin/../lib/gcc/arm-none-eabi/5.4.1/../../../../arm-none-eabi/lib/armv7-m\libg_nano.a(lib_a-init.o)
 .ARM.attributes
                0x00000497       0x2d c:/program files (x86)/cypress/psoc creator/4.4/psoc creator/import/gnu/arm/5.4.1/bin/../lib/gcc/arm-none-eabi/5.4.1/../../../../arm-none-eabi/lib/armv7-m\libg_nano.a(lib_a-memcpy-stub.o)
 .ARM.attributes
                0x000004c4       0x2d c:/program files (x86)/cypress/psoc creator/4.4/psoc creator/import/gnu/arm/5.4.1/bin/../lib/gcc/arm-none-eabi/5.4.1/../../../../arm-none-eabi/lib/armv7-m\libg_nano.a(lib_a-memset.o)
 .ARM.attributes
                0x000004f1       0x2d c:/program files (x86)/cypress/psoc creator/4.4/psoc creator/import/gnu/arm/5.4.1/bin/../lib/gcc/arm-none-eabi/5.4.1/../../../../arm-none-eabi/lib/armv7-m\libg_nano.a(lib_a-strtol.o)
 .ARM.attributes
                0x0000051e       0x2d c:/program files (x86)/cypress/psoc creator/4.4/psoc creator/import/gnu/arm/5.4.1/bin/../lib/gcc/arm-none-eabi/5.4.1/../../../../arm-none-eabi/lib/armv7-m\libg_nano.a(lib_a-ctype_.o)
 .ARM.attributes
                0x0000054b       0x2d c:/program files (x86)/cypress/psoc creator/4.4/psoc creator/import/gnu/arm/5.4.1/bin/../lib/gcc/arm-none-eabi/5.4.1/armv7-m/crtend.o
 .ARM.attributes
                0x00000578       0x1d c:/program files (x86)/cypress/psoc creator/4.4/psoc creator/import/gnu/arm/5.4.1/bin/../lib/gcc/arm-none-eabi/5.4.1/armv7-m/crtn.o

/DISCARD/
 *(.note.GNU-stack)
OUTPUT(C:\UNIVERSIDAD\control\Lab2\Laboratorio2_Control_de_moviemiento\Laboratorio2.cydsn\CortexM3\ARM_GCC_541\Debug\Laboratorio2.elf elf32-littlearm)
